Archive member included to satisfy reference by file (symbol)

C:/PROGRA~2/ARMGNU~1/14EFD8~1.2RE/bin/../lib/gcc/arm-none-eabi/14.2.1/thumb/v7e-m+fp/hard\libc_nano.a(libc_a-exit.o)
                              C:/PROGRA~2/ARMGNU~1/14EFD8~1.2RE/bin/../lib/gcc/arm-none-eabi/14.2.1/thumb/v7e-m+fp/hard/crt0.o (exit)
C:/PROGRA~2/ARMGNU~1/14EFD8~1.2RE/bin/../lib/gcc/arm-none-eabi/14.2.1/thumb/v7e-m+fp/hard\libc_nano.a(libc_a-findfp.o)
                              C:/PROGRA~2/ARMGNU~1/14EFD8~1.2RE/bin/../lib/gcc/arm-none-eabi/14.2.1/thumb/v7e-m+fp/hard\libc_nano.a(libc_a-exit.o) (__stdio_exit_handler)
C:/PROGRA~2/ARMGNU~1/14EFD8~1.2RE/bin/../lib/gcc/arm-none-eabi/14.2.1/thumb/v7e-m+fp/hard\libc_nano.a(libc_a-fwalk.o)
                              C:/PROGRA~2/ARMGNU~1/14EFD8~1.2RE/bin/../lib/gcc/arm-none-eabi/14.2.1/thumb/v7e-m+fp/hard\libc_nano.a(libc_a-findfp.o) (_fwalk_sglue)
C:/PROGRA~2/ARMGNU~1/14EFD8~1.2RE/bin/../lib/gcc/arm-none-eabi/14.2.1/thumb/v7e-m+fp/hard\libc_nano.a(libc_a-stdio.o)
                              C:/PROGRA~2/ARMGNU~1/14EFD8~1.2RE/bin/../lib/gcc/arm-none-eabi/14.2.1/thumb/v7e-m+fp/hard\libc_nano.a(libc_a-findfp.o) (__sread)
C:/PROGRA~2/ARMGNU~1/14EFD8~1.2RE/bin/../lib/gcc/arm-none-eabi/14.2.1/thumb/v7e-m+fp/hard\libc_nano.a(libc_a-memset.o)
                              C:/PROGRA~2/ARMGNU~1/14EFD8~1.2RE/bin/../lib/gcc/arm-none-eabi/14.2.1/thumb/v7e-m+fp/hard/crt0.o (memset)
C:/PROGRA~2/ARMGNU~1/14EFD8~1.2RE/bin/../lib/gcc/arm-none-eabi/14.2.1/thumb/v7e-m+fp/hard\libc_nano.a(libc_a-closer.o)
                              C:/PROGRA~2/ARMGNU~1/14EFD8~1.2RE/bin/../lib/gcc/arm-none-eabi/14.2.1/thumb/v7e-m+fp/hard\libc_nano.a(libc_a-stdio.o) (_close_r)
C:/PROGRA~2/ARMGNU~1/14EFD8~1.2RE/bin/../lib/gcc/arm-none-eabi/14.2.1/thumb/v7e-m+fp/hard\libc_nano.a(libc_a-reent.o)
                              C:/PROGRA~2/ARMGNU~1/14EFD8~1.2RE/bin/../lib/gcc/arm-none-eabi/14.2.1/thumb/v7e-m+fp/hard\libc_nano.a(libc_a-closer.o) (errno)
C:/PROGRA~2/ARMGNU~1/14EFD8~1.2RE/bin/../lib/gcc/arm-none-eabi/14.2.1/thumb/v7e-m+fp/hard\libc_nano.a(libc_a-impure.o)
                              C:/PROGRA~2/ARMGNU~1/14EFD8~1.2RE/bin/../lib/gcc/arm-none-eabi/14.2.1/thumb/v7e-m+fp/hard\libc_nano.a(libc_a-reent.o) (_impure_ptr)
C:/PROGRA~2/ARMGNU~1/14EFD8~1.2RE/bin/../lib/gcc/arm-none-eabi/14.2.1/thumb/v7e-m+fp/hard\libc_nano.a(libc_a-lseekr.o)
                              C:/PROGRA~2/ARMGNU~1/14EFD8~1.2RE/bin/../lib/gcc/arm-none-eabi/14.2.1/thumb/v7e-m+fp/hard\libc_nano.a(libc_a-stdio.o) (_lseek_r)
C:/PROGRA~2/ARMGNU~1/14EFD8~1.2RE/bin/../lib/gcc/arm-none-eabi/14.2.1/thumb/v7e-m+fp/hard\libc_nano.a(libc_a-readr.o)
                              C:/PROGRA~2/ARMGNU~1/14EFD8~1.2RE/bin/../lib/gcc/arm-none-eabi/14.2.1/thumb/v7e-m+fp/hard\libc_nano.a(libc_a-stdio.o) (_read_r)
C:/PROGRA~2/ARMGNU~1/14EFD8~1.2RE/bin/../lib/gcc/arm-none-eabi/14.2.1/thumb/v7e-m+fp/hard\libc_nano.a(libc_a-writer.o)
                              C:/PROGRA~2/ARMGNU~1/14EFD8~1.2RE/bin/../lib/gcc/arm-none-eabi/14.2.1/thumb/v7e-m+fp/hard\libc_nano.a(libc_a-stdio.o) (_write_r)
C:/PROGRA~2/ARMGNU~1/14EFD8~1.2RE/bin/../lib/gcc/arm-none-eabi/14.2.1/thumb/v7e-m+fp/hard\libc_nano.a(libc_a-init.o)
                              C:/PROGRA~2/ARMGNU~1/14EFD8~1.2RE/bin/../lib/gcc/arm-none-eabi/14.2.1/thumb/v7e-m+fp/hard/crt0.o (__libc_init_array)
C:/PROGRA~2/ARMGNU~1/14EFD8~1.2RE/bin/../lib/gcc/arm-none-eabi/14.2.1/thumb/v7e-m+fp/hard\libc_nano.a(libc_a-lock.o)
                              C:/PROGRA~2/ARMGNU~1/14EFD8~1.2RE/bin/../lib/gcc/arm-none-eabi/14.2.1/thumb/v7e-m+fp/hard\libc_nano.a(libc_a-findfp.o) (__retarget_lock_init_recursive)
C:/PROGRA~2/ARMGNU~1/14EFD8~1.2RE/bin/../lib/gcc/arm-none-eabi/14.2.1/thumb/v7e-m+fp/hard\libc_nano.a(libc_a-freer.o)
                              C:/PROGRA~2/ARMGNU~1/14EFD8~1.2RE/bin/../lib/gcc/arm-none-eabi/14.2.1/thumb/v7e-m+fp/hard\libc_nano.a(libc_a-reent.o) (_free_r)
C:/PROGRA~2/ARMGNU~1/14EFD8~1.2RE/bin/../lib/gcc/arm-none-eabi/14.2.1/thumb/v7e-m+fp/hard\libc_nano.a(libc_a-mallocr.o)
                              C:/PROGRA~2/ARMGNU~1/14EFD8~1.2RE/bin/../lib/gcc/arm-none-eabi/14.2.1/thumb/v7e-m+fp/hard\libc_nano.a(libc_a-findfp.o) (_malloc_r)
C:/PROGRA~2/ARMGNU~1/14EFD8~1.2RE/bin/../lib/gcc/arm-none-eabi/14.2.1/thumb/v7e-m+fp/hard\libc_nano.a(libc_a-mlock.o)
                              C:/PROGRA~2/ARMGNU~1/14EFD8~1.2RE/bin/../lib/gcc/arm-none-eabi/14.2.1/thumb/v7e-m+fp/hard\libc_nano.a(libc_a-freer.o) (__malloc_lock)
C:/PROGRA~2/ARMGNU~1/14EFD8~1.2RE/bin/../lib/gcc/arm-none-eabi/14.2.1/thumb/v7e-m+fp/hard\libc_nano.a(libc_a-fflush.o)
                              C:/PROGRA~2/ARMGNU~1/14EFD8~1.2RE/bin/../lib/gcc/arm-none-eabi/14.2.1/thumb/v7e-m+fp/hard\libc_nano.a(libc_a-findfp.o) (_fflush_r)
C:/PROGRA~2/ARMGNU~1/14EFD8~1.2RE/bin/../lib/gcc/arm-none-eabi/14.2.1/thumb/v7e-m+fp/hard\libc_nano.a(libc_a-sbrkr.o)
[...]
Memory Configuration

Name             Origin             Length             Attributes
RAM              0x20000000         0x00020000         xrw
CCMRAM           0x10000000         0x00010000         xrw
FLASH            0x08000000         0x00100000         xr
*default*        0x00000000         0xffffffff

Linker script and memory map

LOAD C:/PROGRA~2/ARMGNU~1/14EFD8~1.2RE/bin/../lib/gcc/arm-none-eabi/14.2.1/thumb/v7e-m+fp/hard/crti.o
LOAD C:/PROGRA~2/ARMGNU~1/14EFD8~1.2RE/bin/../lib/gcc/arm-none-eabi/14.2.1/thumb/v7e-m+fp/hard/crtbegin.o
LOAD C:/PROGRA~2/ARMGNU~1/14EFD8~1.2RE/bin/../lib/gcc/arm-none-eabi/14.2.1/thumb/v7e-m+fp/hard/crt0.o
START GROUP
LOAD C:/PROGRA~2/ARMGNU~1/14EFD8~1.2RE/bin/../lib/gcc/arm-none-eabi/14.2.1/thumb/v7e-m+fp/hard\libc_nano.a
LOAD C:/PROGRA~2/ARMGNU~1/14EFD8~1.2RE/bin/../lib/gcc/arm-none-eabi/14.2.1/thumb/v7e-m+fp/hard\libm.a
END GROUP
LOAD cmake/stm32cubemx/CMakeFiles/STM32_Drivers.dir/__/__/Src/system_stm32f4xx.c.obj
LOAD cmake/stm32cubemx/CMakeFiles/STM32_Drivers.dir/__/__/Drivers/STM32F4xx_HAL_Driver/Src/stm32f4xx_ll_gpio.c.obj
LOAD cmake/stm32cubemx/CMakeFiles/STM32_Drivers.dir/__/__/Drivers/STM32F4xx_HAL_Driver/Src/stm32f4xx_ll_rcc.c.obj
LOAD cmake/stm32cubemx/CMakeFiles/STM32_Drivers.dir/__/__/Drivers/STM32F4xx_HAL_Driver/Src/stm32f4xx_ll_utils.c.obj
LOAD cmake/stm32cubemx/CMakeFiles/STM32_Drivers.dir/__/__/Drivers/STM32F4xx_HAL_Driver/Src/stm32f4xx_ll_exti.c.obj
LOAD CMakeFiles/XXXXXXX.dir/Src/main.c.obj
LOAD CMakeFiles/XXXXXXX.dir/Src/stm32f4xx_it.c.obj
LOAD CMakeFiles/XXXXXXX.dir/Src/sysmem.c.obj
LOAD CMakeFiles/XXXXXXX.dir/Src/syscalls.c.obj
LOAD CMakeFiles/XXXXXXX.dir/startup_stm32f407xx.s.obj
START GROUP
LOAD C:/PROGRA~2/ARMGNU~1/14EFD8~1.2RE/bin/../lib/gcc/arm-none-eabi/14.2.1/thumb/v7e-m+fp/hard\libgcc.a
LOAD C:/PROGRA~2/ARMGNU~1/14EFD8~1.2RE/bin/../lib/gcc/arm-none-eabi/14.2.1/thumb/v7e-m+fp/hard\libg_nano.a
LOAD C:/PROGRA~2/ARMGNU~1/14EFD8~1.2RE/bin/../lib/gcc/arm-none-eabi/14.2.1/thumb/v7e-m+fp/hard\libc_nano.a
END GROUP
START GROUP
LOAD C:/PROGRA~2/ARMGNU~1/14EFD8~1.2RE/bin/../lib/gcc/arm-none-eabi/14.2.1/thumb/v7e-m+fp/hard\libgcc.a
LOAD C:/PROGRA~2/ARMGNU~1/14EFD8~1.2RE/bin/../lib/gcc/arm-none-eabi/14.2.1/thumb/v7e-m+fp/hard\libc_nano.a
END GROUP
LOAD C:/PROGRA~2/ARMGNU~1/14EFD8~1.2RE/bin/../lib/gcc/arm-none-eabi/14.2.1/thumb/v7e-m+fp/hard/crtend.o
LOAD C:/PROGRA~2/ARMGNU~1/14EFD8~1.2RE/bin/../lib/gcc/arm-none-eabi/14.2.1/thumb/v7e-m+fp/hard/crtn.o
                0x20020000                        _estack = (ORIGIN (RAM) + LENGTH (RAM))
                0x00000200                        _Min_Heap_Size = 0x200
                0x00000400                        _Min_Stack_Size = 0x400

.isr_vector     0x08000000      0x188
                0x08000000                        . = ALIGN (0x4)
 *(.isr_vector)
 .isr_vector    0x08000000      0x188 CMakeFiles/XXXXXXX.dir/startup_stm32f407xx.s.obj
                0x08000000                g_pfnVectors
                0x08000188                        . = ALIGN (0x4)

.text           0x08000188      0xbe4
                0x08000188                        . = ALIGN (0x4)
 *(.text)
 *(.text*)
 .text.deregister_tm_clones
                0x08000188       0x1c C:/PROGRA~2/ARMGNU~1/14EFD8~1.2RE/bin/../lib/gcc/arm-none-eabi/14.2.1/thumb/v7e-m+fp/hard/crtbegin.o
 .text.register_tm_clones
                0x080001a4       0x24 C:/PROGRA~2/ARMGNU~1/14EFD8~1.2RE/bin/../lib/gcc/arm-none-eabi/14.2.1/thumb/v7e-m+fp/hard/crtbegin.o
 .text.__do_global_dtors_aux
                0x080001c8       0x28 C:/PROGRA~2/ARMGNU~1/14EFD8~1.2RE/bin/../lib/gcc/arm-none-eabi/14.2.1/thumb/v7e-m+fp/hard/crtbegin.o
 .text.frame_dummy
                0x080001f0       0x24 C:/PROGRA~2/ARMGNU~1/14EFD8~1.2RE/bin/../lib/gcc/arm-none-eabi/14.2.1/thumb/v7e-m+fp/hard/crtbegin.o
 .text.__libc_init_array
                0x08000214       0x48 C:/PROGRA~2/ARMGNU~1/14EFD8~1.2RE/bin/../lib/gcc/arm-none-eabi/14.2.1/thumb/v7e-m+fp/hard\libc_nano.a(libc_a-init.o)
                0x08000214                __libc_init_array
 .text.SystemInit
                0x0800025c       0x24 cmake/stm32cubemx/CMakeFiles/STM32_Drivers.dir/__/__/Src/system_stm32f4xx.c.obj
                0x0800025c                SystemInit
 .text.LL_GPIO_SetPinMode
                0x08000280       0x7a cmake/stm32cubemx/CMakeFiles/STM32_Drivers.dir/__/__/Drivers/STM32F4xx_HAL_Driver/Src/stm32f4xx_ll_gpio.c.obj
 .text.LL_GPIO_SetPinOutputType
                0x080002fa       0x30 cmake/stm32cubemx/CMakeFiles/STM32_Drivers.dir/__/__/Drivers/STM32F4xx_HAL_Driver/Src/stm32f4xx_ll_gpio.c.obj
 .text.LL_GPIO_SetPinSpeed
                0x0800032a       0x7a cmake/stm32cubemx/CMakeFiles/STM32_Drivers.dir/__/__/Drivers/STM32F4xx_HAL_Driver/Src/stm32f4xx_ll_gpio.c.obj
 .text.LL_GPIO_SetPinPull
                0x080003a4       0x7a cmake/stm32cubemx/CMakeFiles/STM32_Drivers.dir/__/__/Drivers/STM32F4xx_HAL_Driver/Src/stm32f4xx_ll_gpio.c.obj
 .text.LL_GPIO_SetAFPin_0_7
                0x0800041e       0x7a cmake/stm32cubemx/CMakeFiles/STM32_Drivers.dir/__/__/Drivers/STM32F4xx_HAL_Driver/Src/stm32f4xx_ll_gpio.c.obj
 .text.LL_GPIO_SetAFPin_8_15
                0x08000498       0x7e cmake/stm32cubemx/CMakeFiles/STM32_Drivers.dir/__/__/Drivers/STM32F4xx_HAL_Driver/Src/stm32f4xx_ll_gpio.c.obj
 .text.LL_GPIO_Init
                0x08000516      0x102 cmake/stm32cubemx/CMakeFiles/STM32_Drivers.dir/__/__/Drivers/STM32F4xx_HAL_Driver/Src/stm32f4xx_ll_gpio.c.obj
                0x08000516                LL_GPIO_Init
 .text.LL_InitTick
                0x08000618       0x34 cmake/stm32cubemx/CMakeFiles/STM32_Drivers.dir/__/__/Drivers/STM32F4xx_HAL_Driver/Src/stm32f4xx_ll_utils.c.obj
 .text.LL_Init1msTick
                0x0800064c       0x1a cmake/stm32cubemx/CMakeFiles/STM32_Drivers.dir/__/__/Drivers/STM32F4xx_HAL_Driver/Src/stm32f4xx_ll_utils.c.obj
                0x0800064c                LL_Init1msTick
 *fill*         0x08000666        0x2 
 .text.LL_mDelay
                0x08000668       0x4c cmake/stm32cubemx/CMakeFiles/STM32_Drivers.dir/__/__/Drivers/STM32F4xx_HAL_Driver/Src/stm32f4xx_ll_utils.c.obj
                0x08000668                LL_mDelay
 .text.LL_SetSystemCoreClock
                0x080006b4       0x20 cmake/stm32cubemx/CMakeFiles/STM32_Drivers.dir/__/__/Drivers/STM32F4xx_HAL_Driver/Src/stm32f4xx_ll_utils.c.obj
                0x080006b4                LL_SetSystemCoreClock
 .text.__NVIC_SetPriorityGrouping
                0x080006d4       0x48 CMakeFiles/XXXXXXX.dir/Src/main.c.obj
 .text.__NVIC_GetPriorityGrouping
                0x0800071c       0x1c CMakeFiles/XXXXXXX.dir/Src/main.c.obj
 .text.__NVIC_SetPriority
                0x08000738       0x54 CMakeFiles/XXXXXXX.dir/Src/main.c.obj
 .text.NVIC_EncodePriority
                0x0800078c       0x66 CMakeFiles/XXXXXXX.dir/Src/main.c.obj
 *fill*         0x080007f2        0x2 
 .text.LL_RCC_HSI_Enable
                0x080007f4       0x20 CMakeFiles/XXXXXXX.dir/Src/main.c.obj
 .text.LL_RCC_HSI_IsReady
                0x08000814       0x24 CMakeFiles/XXXXXXX.dir/Src/main.c.obj
 .text.LL_RCC_HSI_SetCalibTrimming
                0x08000838       0x2c CMakeFiles/XXXXXXX.dir/Src/main.c.obj
 .text.LL_RCC_SetSysClkSource
                0x08000864       0x28 CMakeFiles/XXXXXXX.dir/Src/main.c.obj
 .text.LL_RCC_GetSysClkSource
                0x0800088c       0x1c CMakeFiles/XXXXXXX.dir/Src/main.c.obj
 .text.LL_RCC_SetAHBPrescaler
                0x080008a8       0x28 CMakeFiles/XXXXXXX.dir/Src/main.c.obj
 .text.LL_RCC_SetAPB1Prescaler
                0x080008d0       0x28 CMakeFiles/XXXXXXX.dir/Src/main.c.obj
 .text.LL_RCC_SetAPB2Prescaler
                0x080008f8       0x28 CMakeFiles/XXXXXXX.dir/Src/main.c.obj
 .text.LL_RCC_PLL_Enable
                0x08000920       0x20 CMakeFiles/XXXXXXX.dir/Src/main.c.obj
 .text.LL_RCC_PLL_IsReady
                0x08000940       0x28 CMakeFiles/XXXXXXX.dir/Src/main.c.obj
 .text.LL_RCC_PLL_ConfigDomain_SYS
                0x08000968       0x4c CMakeFiles/XXXXXXX.dir/Src/main.c.obj
 .text.LL_AHB1_GRP1_EnableClock
                0x080009b4       0x30 CMakeFiles/XXXXXXX.dir/Src/main.c.obj
 .text.LL_APB1_GRP1_EnableClock
                0x080009e4       0x30 CMakeFiles/XXXXXXX.dir/Src/main.c.obj
 .text.LL_APB2_GRP1_EnableClock
                0x08000a14       0x30 CMakeFiles/XXXXXXX.dir/Src/main.c.obj
 .text.LL_FLASH_SetLatency
                0x08000a44       0x28 CMakeFiles/XXXXXXX.dir/Src/main.c.obj
 .text.LL_FLASH_GetLatency
                0x08000a6c       0x1c CMakeFiles/XXXXXXX.dir/Src/main.c.obj
 .text.LL_PWR_SetRegulVoltageScaling
                0x08000a88       0x28 CMakeFiles/XXXXXXX.dir/Src/main.c.obj
 .text.LL_PWR_IsActiveFlag_VOS
                0x08000ab0       0x28 CMakeFiles/XXXXXXX.dir/Src/main.c.obj
 .text.LL_GPIO_ResetOutputPin
                0x08000ad8       0x1e CMakeFiles/XXXXXXX.dir/Src/main.c.obj
 .text.LL_GPIO_TogglePin
                0x08000af6       0x32 CMakeFiles/XXXXXXX.dir/Src/main.c.obj
 .text.main     0x08000b28       0x88 CMakeFiles/XXXXXXX.dir/Src/main.c.obj
                0x08000b28                main
 .text.SystemClock_Config
                0x08000bb0       0x98 CMakeFiles/XXXXXXX.dir/Src/main.c.obj
                0x08000bb0                SystemClock_Config
 .text.MX_GPIO_Init
                0x08000c48       0x58 CMakeFiles/XXXXXXX.dir/Src/main.c.obj
 .text.NMI_Handler
                0x08000ca0        0x8 CMakeFiles/XXXXXXX.dir/Src/stm32f4xx_it.c.obj
                0x08000ca0                NMI_Handler
 .text.HardFault_Handler
                0x08000ca8        0x8 CMakeFiles/XXXXXXX.dir/Src/stm32f4xx_it.c.obj
                0x08000ca8                HardFault_Handler
 .text.MemManage_Handler
                0x08000cb0        0x8 CMakeFiles/XXXXXXX.dir/Src/stm32f4xx_it.c.obj
                0x08000cb0                MemManage_Handler
 .text.BusFault_Handler
                0x08000cb8        0x8 CMakeFiles/XXXXXXX.dir/Src/stm32f4xx_it.c.obj
                0x08000cb8                BusFault_Handler
 .text.UsageFault_Handler
                0x08000cc0        0x8 CMakeFiles/XXXXXXX.dir/Src/stm32f4xx_it.c.obj
                0x08000cc0                UsageFault_Handler
 .text.SVC_Handler
                0x08000cc8        0xe CMakeFiles/XXXXXXX.dir/Src/stm32f4xx_it.c.obj
                0x08000cc8                SVC_Handler
 .text.DebugMon_Handler
                0x08000cd6        0xe CMakeFiles/XXXXXXX.dir/Src/stm32f4xx_it.c.obj
                0x08000cd6                DebugMon_Handler
 .text.PendSV_Handler
                0x08000ce4        0xe CMakeFiles/XXXXXXX.dir/Src/stm32f4xx_it.c.obj
                0x08000ce4                PendSV_Handler
 .text.SysTick_Handler
                0x08000cf2        0xe CMakeFiles/XXXXXXX.dir/Src/stm32f4xx_it.c.obj
                0x08000cf2                SysTick_Handler
 .text.Reset_Handler
                0x08000d00       0x50 CMakeFiles/XXXXXXX.dir/startup_stm32f407xx.s.obj
                0x08000d00                Reset_Handler
 .text.Default_Handler
                0x08000d50        0x2 CMakeFiles/XXXXXXX.dir/startup_stm32f407xx.s.obj
                0x08000d50                RTC_Alarm_IRQHandler
                0x08000d50                HASH_RNG_IRQHandler
                0x08000d50                EXTI2_IRQHandler
                0x08000d50                TIM8_CC_IRQHandler
                0x08000d50                TIM1_CC_IRQHandler
                0x08000d50                DMA2_Stream5_IRQHandler
                0x08000d50                DMA1_Stream5_IRQHandler
                0x08000d50                PVD_IRQHandler
                0x08000d50                SDIO_IRQHandler
                0x08000d50                TAMP_STAMP_IRQHandler
                0x08000d50                CAN2_RX1_IRQHandler
                0x08000d50                EXTI3_IRQHandler
                0x08000d50                TIM8_TRG_COM_TIM14_IRQHandler
                0x08000d50                TIM1_UP_TIM10_IRQHandler
                0x08000d50                TIM8_UP_TIM13_IRQHandler
                0x08000d50                I2C3_ER_IRQHandler
                0x08000d50                EXTI0_IRQHandler
                0x08000d50                I2C2_EV_IRQHandler
                0x08000d50                DMA1_Stream2_IRQHandler
                0x08000d50                CAN1_RX0_IRQHandler
                0x08000d50                FPU_IRQHandler
                0x08000d50                OTG_HS_WKUP_IRQHandler
                0x08000d50                CAN2_SCE_IRQHandler
                0x08000d50                DMA2_Stream2_IRQHandler
                0x08000d50                SPI1_IRQHandler
                0x08000d50                TIM6_DAC_IRQHandler
                0x08000d50                TIM1_BRK_TIM9_IRQHandler
                0x08000d50                DCMI_IRQHandler
                0x08000d50                CAN2_RX0_IRQHandler
                0x08000d50                DMA2_Stream3_IRQHandler
                0x08000d50                USART6_IRQHandler
                0x08000d50                USART3_IRQHandler
                0x08000d50                CAN1_RX1_IRQHandler
                0x08000d50                UART5_IRQHandler
                0x08000d50                DMA2_Stream0_IRQHandler
                0x08000d50                TIM4_IRQHandler
                0x08000d50                I2C1_EV_IRQHandler
                0x08000d50                DMA1_Stream6_IRQHandler
                0x08000d50                DMA1_Stream1_IRQHandler
                0x08000d50                UART4_IRQHandler
                0x08000d50                TIM3_IRQHandler
                0x08000d50                RCC_IRQHandler
                0x08000d50                TIM8_BRK_TIM12_IRQHandler
                0x08000d50                Default_Handler
                0x08000d50                EXTI15_10_IRQHandler
                0x08000d50                ADC_IRQHandler
                0x08000d50                DMA1_Stream7_IRQHandler
                0x08000d50                TIM7_IRQHandler
                0x08000d50                CAN2_TX_IRQHandler
                0x08000d50                TIM5_IRQHandler
                0x08000d50                DMA2_Stream7_IRQHandler
                0x08000d50                I2C3_EV_IRQHandler
                0x08000d50                EXTI9_5_IRQHandler
                0x08000d50                RTC_WKUP_IRQHandler
                0x08000d50                ETH_WKUP_IRQHandler
                0x08000d50                SPI2_IRQHandler
                0x08000d50                OTG_HS_EP1_IN_IRQHandler
                0x08000d50                DMA1_Stream0_IRQHandler
                0x08000d50                CAN1_TX_IRQHandler
                0x08000d50                EXTI4_IRQHandler
                0x08000d50                FSMC_IRQHandler
                0x08000d50                ETH_IRQHandler
                0x08000d50                OTG_HS_EP1_OUT_IRQHandler
                0x08000d50                WWDG_IRQHandler
                0x08000d50                TIM2_IRQHandler
                0x08000d50                OTG_FS_WKUP_IRQHandler
                0x08000d50                TIM1_TRG_COM_TIM11_IRQHandler
                0x08000d50                OTG_HS_IRQHandler
                0x08000d50                EXTI1_IRQHandler
                0x08000d50                USART2_IRQHandler
                0x08000d50                I2C2_ER_IRQHandler
                0x08000d50                DMA2_Stream1_IRQHandler
                0x08000d50                CAN1_SCE_IRQHandler
                0x08000d50                FLASH_IRQHandler
                0x08000d50                DMA2_Stream4_IRQHandler
                0x08000d50                USART1_IRQHandler
                0x08000d50                OTG_FS_IRQHandler
                0x08000d50                SPI3_IRQHandler
                0x08000d50                DMA1_Stream4_IRQHandler
                0x08000d50                I2C1_ER_IRQHandler
                0x08000d50                DMA2_Stream6_IRQHandler
                0x08000d50                DMA1_Stream3_IRQHandler
 *(.glue_7)
 .glue_7        0x08000d52        0x0 linker stubs
 *(.glue_7t)
 .glue_7t       0x08000d52        0x0 linker stubs
 *(.eh_frame)
 *fill*         0x08000d52        0x2 
 .eh_frame      0x08000d54        0x0 C:/PROGRA~2/ARMGNU~1/14EFD8~1.2RE/bin/../lib/gcc/arm-none-eabi/14.2.1/thumb/v7e-m+fp/hard/crtbegin.o
 *(.init)
 .init          0x08000d54        0x4 C:/PROGRA~2/ARMGNU~1/14EFD8~1.2RE/bin/../lib/gcc/arm-none-eabi/14.2.1/thumb/v7e-m+fp/hard/crti.o
                0x08000d54                _init
 .init          0x08000d58        0x8 C:/PROGRA~2/ARMGNU~1/14EFD8~1.2RE/bin/../lib/gcc/arm-none-eabi/14.2.1/thumb/v7e-m+fp/hard/crtn.o
 *(.fini)
 .fini          0x08000d60        0x4 C:/PROGRA~2/ARMGNU~1/14EFD8~1.2RE/bin/../lib/gcc/arm-none-eabi/14.2.1/thumb/v7e-m+fp/hard/crti.o
                0x08000d60                _fini
 .fini          0x08000d64        0x8 C:/PROGRA~2/ARMGNU~1/14EFD8~1.2RE/bin/../lib/gcc/arm-none-eabi/14.2.1/thumb/v7e-m+fp/hard/crtn.o
                0x08000d6c                        . = ALIGN (0x4)
                0x08000d6c                        _etext = .

.vfp11_veneer   0x08000d6c        0x0
 .vfp11_veneer  0x08000d6c        0x0 linker stubs

.v4_bx          0x08000d6c        0x0
 .v4_bx         0x08000d6c        0x0 linker stubs

.iplt           0x08000d6c        0x0
 .iplt          0x08000d6c        0x0 C:/PROGRA~2/ARMGNU~1/14EFD8~1.2RE/bin/../lib/gcc/arm-none-eabi/14.2.1/thumb/v7e-m+fp/hard/crtbegin.o

.rodata         0x08000d6c        0x0
                0x08000d6c                        . = ALIGN (0x4)
 *(.rodata)
 *(.rodata*)
                0x08000d6c                        . = ALIGN (0x4)

.ARM.extab      0x08000d6c        0x0
                0x08000d6c                        . = ALIGN (0x4)
 *(.ARM.extab* .gnu.linkonce.armextab.*)
                0x08000d6c                        . = ALIGN (0x4)

.ARM            0x08000d6c        0x0
                0x08000d6c                        . = ALIGN (0x4)
                0x08000d6c                        __exidx_start = .
 *(.ARM.exidx*)
                0x08000d6c                        __exidx_end = .
                0x08000d6c                        . = ALIGN (0x4)

.preinit_array  0x08000d6c        0x0
                0x08000d6c                        . = ALIGN (0x4)
                0x08000d6c                        PROVIDE (__preinit_array_start = .)
 *(.preinit_array*)
                0x08000d6c                        PROVIDE (__preinit_array_end = .)
                0x08000d6c                        . = ALIGN (0x4)

.init_array     0x08000d6c        0x4
                0x08000d6c                        . = ALIGN (0x4)
                0x08000d6c                        PROVIDE (__init_array_start = .)
 *(SORT_BY_NAME(.init_array.*))
 *(.init_array*)
 .init_array    0x08000d6c        0x4 C:/PROGRA~2/ARMGNU~1/14EFD8~1.2RE/bin/../lib/gcc/arm-none-eabi/14.2.1/thumb/v7e-m+fp/hard/crtbegin.o
                0x08000d70                        PROVIDE (__init_array_end = .)
                0x08000d70                        . = ALIGN (0x4)

.fini_array     0x08000d70        0x4
                0x08000d70                        . = ALIGN (0x4)
                [!provide]                        PROVIDE (__fini_array_start = .)
 *(SORT_BY_NAME(.fini_array.*))
 *(.fini_array*)
 .fini_array    0x08000d70        0x4 C:/PROGRA~2/ARMGNU~1/14EFD8~1.2RE/bin/../lib/gcc/arm-none-eabi/14.2.1/thumb/v7e-m+fp/hard/crtbegin.o
                [!provide]                        PROVIDE (__fini_array_end = .)
                0x08000d74                        . = ALIGN (0x4)
                0x08000d74                        _sidata = LOADADDR (.data)

.rel.dyn        0x08000d74        0x0
 .rel.iplt      0x08000d74        0x0 C:/PROGRA~2/ARMGNU~1/14EFD8~1.2RE/bin/../lib/gcc/arm-none-eabi/14.2.1/thumb/v7e-m+fp/hard/crtbegin.o

.data           0x20000000        0x4 load address 0x08000d74
                0x20000000                        . = ALIGN (0x4)
                0x20000000                        _sdata = .
 *(.data)
 *(.data*)
 .data.SystemCoreClock
                0x20000000        0x4 cmake/stm32cubemx/CMakeFiles/STM32_Drivers.dir/__/__/Src/system_stm32f4xx.c.obj
                0x20000000                SystemCoreClock
 *(.RamFunc)
 *(.RamFunc*)
                0x20000004                        . = ALIGN (0x4)
                0x20000004                        _edata = .
                0x08000d78                        _siccmram = LOADADDR (.ccmram)

.tm_clone_table
                0x20000004        0x0 load address 0x08000d78
 .tm_clone_table
                0x20000004        0x0 C:/PROGRA~2/ARMGNU~1/14EFD8~1.2RE/bin/../lib/gcc/arm-none-eabi/14.2.1/thumb/v7e-m+fp/hard/crtbegin.o
 .tm_clone_table
                0x20000004        0x0 C:/PROGRA~2/ARMGNU~1/14EFD8~1.2RE/bin/../lib/gcc/arm-none-eabi/14.2.1/thumb/v7e-m+fp/hard/crtend.o

.igot.plt       0x20000004        0x0 load address 0x08000d78
 .igot.plt      0x20000004        0x0 C:/PROGRA~2/ARMGNU~1/14EFD8~1.2RE/bin/../lib/gcc/arm-none-eabi/14.2.1/thumb/v7e-m+fp/hard/crtbegin.o

.ccmram         0x10000000        0x0 load address 0x08000d78
                0x10000000                        . = ALIGN (0x4)
                0x10000000                        _sccmram = .
 *(.ccmram)
 *(.ccmram*)
                0x10000000                        . = ALIGN (0x4)
                0x10000000                        _eccmram = .
                0x10000000                        . = ALIGN (0x4)

.bss            0x20000004       0x1c
                0x20000004                        _sbss = .
                0x20000004                        __bss_start__ = _sbss
 *(.bss)
 *(.bss*)
 .bss.completed.1
                0x20000004        0x1 C:/PROGRA~2/ARMGNU~1/14EFD8~1.2RE/bin/../lib/gcc/arm-none-eabi/14.2.1/thumb/v7e-m+fp/hard/crtbegin.o
 *fill*         0x20000005        0x3 
 .bss.object.0  0x20000008       0x18 C:/PROGRA~2/ARMGNU~1/14EFD8~1.2RE/bin/../lib/gcc/arm-none-eabi/14.2.1/thumb/v7e-m+fp/hard/crtbegin.o
 *(COMMON)
                0x20000020                        . = ALIGN (0x4)
                0x20000020                        _ebss = .
                0x20000020                        __bss_end__ = _ebss

._user_heap_stack
                0x20000020      0x600
                0x20000020                        . = ALIGN (0x8)
                [!provide]                        PROVIDE (end = .)
                0x20000020                        PROVIDE (_end = .)
                0x20000220                        . = (. + _Min_Heap_Size)
 *fill*         0x20000020      0x200 
                0x20000620                        . = (. + _Min_Stack_Size)
 *fill*         0x20000220      0x400 
                0x20000620                        . = ALIGN (0x8)

/DISCARD/
 libc.a(*)
 libm.a(*)
 libgcc.a(*)
OUTPUT(XXXXXXX.elf elf32-littlearm)
LOAD linker stubs
LOAD C:/PROGRA~2/ARMGNU~1/14EFD8~1.2RE/bin/../lib/gcc/arm-none-eabi/14.2.1/thumb/v7e-m+fp/hard\libc.a
LOAD C:/PROGRA~2/ARMGNU~1/14EFD8~1.2RE/bin/../lib/gcc/arm-none-eabi/14.2.1/thumb/v7e-m+fp/hard\libm.a
LOAD C:/PROGRA~2/ARMGNU~1/14EFD8~1.2RE/bin/../lib/gcc/arm-none-eabi/14.2.1/thumb/v7e-m+fp/hard\libgcc.a

.ARM.attributes
                0x00000000       0x30
 .ARM.attributes
                0x00000000       0x22 C:/PROGRA~2/ARMGNU~1/14EFD8~1.2RE/bin/../lib/gcc/arm-none-eabi/14.2.1/thumb/v7e-m+fp/hard/crti.o
 .ARM.attributes
                0x00000022       0x34 C:/PROGRA~2/ARMGNU~1/14EFD8~1.2RE/bin/../lib/gcc/arm-none-eabi/14.2.1/thumb/v7e-m+fp/hard/crtbegin.o
 .ARM.attributes
                0x00000056       0x34 C:/PROGRA~2/ARMGNU~1/14EFD8~1.2RE/bin/../lib/gcc/arm-none-eabi/14.2.1/thumb/v7e-m+fp/hard\libc_nano.a(libc_a-init.o)
 .ARM.attributes
                0x0000008a       0x34 cmake/stm32cubemx/CMakeFiles/STM32_Drivers.dir/__/__/Src/system_stm32f4xx.c.obj
 .ARM.attributes
                0x000000be       0x34 cmake/stm32cubemx/CMakeFiles/STM32_Drivers.dir/__/__/Drivers/STM32F4xx_HAL_Driver/Src/stm32f4xx_ll_gpio.c.obj
 .ARM.attributes
                0x000000f2       0x34 cmake/stm32cubemx/CMakeFiles/STM32_Drivers.dir/__/__/Drivers/STM32F4xx_HAL_Driver/Src/stm32f4xx_ll_utils.c.obj
 .ARM.attributes
                0x00000126       0x34 CMakeFiles/XXXXXXX.dir/Src/main.c.obj
 .ARM.attributes
                0x0000015a       0x34 CMakeFiles/XXXXXXX.dir/Src/stm32f4xx_it.c.obj
 .ARM.attributes
                0x0000018e       0x21 CMakeFiles/XXXXXXX.dir/startup_stm32f407xx.s.obj
 .ARM.attributes
                0x000001af       0x34 C:/PROGRA~2/ARMGNU~1/14EFD8~1.2RE/bin/../lib/gcc/arm-none-eabi/14.2.1/thumb/v7e-m+fp/hard/crtend.o
 .ARM.attributes
                0x000001e3       0x22 C:/PROGRA~2/ARMGNU~1/14EFD8~1.2RE/bin/../lib/gcc/arm-none-eabi/14.2.1/thumb/v7e-m+fp/hard/crtn.o

.comment        0x00000000       0x45
 .comment       0x00000000       0x45 cmake/stm32cubemx/CMakeFiles/STM32_Drivers.dir/__/__/Src/system_stm32f4xx.c.obj
                                 0x46 (size before relaxing)
 .comment       0x00000045       0x46 cmake/stm32cubemx/CMakeFiles/STM32_Drivers.dir/__/__/Drivers/STM32F4xx_HAL_Driver/Src/stm32f4xx_ll_gpio.c.obj
 .comment       0x00000045       0x46 cmake/stm32cubemx/CMakeFiles/STM32_Drivers.dir/__/__/Drivers/STM32F4xx_HAL_Driver/Src/stm32f4xx_ll_utils.c.obj
 .comment       0x00000045       0x46 CMakeFiles/XXXXXXX.dir/Src/main.c.obj
 .comment       0x00000045       0x46 CMakeFiles/XXXXXXX.dir/Src/stm32f4xx_it.c.obj

.debug_frame    0x00000000      0xb48
 .debug_frame   0x00000000       0x2c C:/PROGRA~2/ARMGNU~1/14EFD8~1.2RE/bin/../lib/gcc/arm-none-eabi/14.2.1/thumb/v7e-m+fp/hard\libc_nano.a(libc_a-init.o)
 .debug_frame   0x0000002c       0x58 cmake/stm32cubemx/CMakeFiles/STM32_Drivers.dir/__/__/Src/system_stm32f4xx.c.obj
 .debug_frame   0x00000084      0x1c0 cmake/stm32cubemx/CMakeFiles/STM32_Drivers.dir/__/__/Drivers/STM32F4xx_HAL_Driver/Src/stm32f4xx_ll_gpio.c.obj
 .debug_frame   0x00000244      0x3f8 cmake/stm32cubemx/CMakeFiles/STM32_Drivers.dir/__/__/Drivers/STM32F4xx_HAL_Driver/Src/stm32f4xx_ll_utils.c.obj
 .debug_frame   0x0000063c      0x404 CMakeFiles/XXXXXXX.dir/Src/main.c.obj
 .debug_frame   0x00000a40      0x108 CMakeFiles/XXXXXXX.dir/Src/stm32f4xx_it.c.obj

.debug_info     0x00000000     0x2729
 .debug_info    0x00000000      0x50b cmake/stm32cubemx/CMakeFiles/STM32_Drivers.dir/__/__/Src/system_stm32f4xx.c.obj
 .debug_info    0x0000050b      0x920 cmake/stm32cubemx/CMakeFiles/STM32_Drivers.dir/__/__/Drivers/STM32F4xx_HAL_Driver/Src/stm32f4xx_ll_gpio.c.obj
 .debug_info    0x00000e2b      0x8f5 cmake/stm32cubemx/CMakeFiles/STM32_Drivers.dir/__/__/Drivers/STM32F4xx_HAL_Driver/Src/stm32f4xx_ll_utils.c.obj
 .debug_info    0x00001720      0xe94 CMakeFiles/XXXXXXX.dir/Src/main.c.obj
 .debug_info    0x000025b4      0x145 CMakeFiles/XXXXXXX.dir/Src/stm32f4xx_it.c.obj
 .debug_info    0x000026f9       0x30 CMakeFiles/XXXXXXX.dir/startup_stm32f407xx.s.obj

.debug_abbrev   0x00000000      0x8bf
 .debug_abbrev  0x00000000      0x11a cmake/stm32cubemx/CMakeFiles/STM32_Drivers.dir/__/__/Src/system_stm32f4xx.c.obj
 .debug_abbrev  0x0000011a      0x237 cmake/stm32cubemx/CMakeFiles/STM32_Drivers.dir/__/__/Drivers/STM32F4xx_HAL_Driver/Src/stm32f4xx_ll_gpio.c.obj
 .debug_abbrev  0x00000351      0x223 cmake/stm32cubemx/CMakeFiles/STM32_Drivers.dir/__/__/Drivers/STM32F4xx_HAL_Driver/Src/stm32f4xx_ll_utils.c.obj
 .debug_abbrev  0x00000574      0x2a7 CMakeFiles/XXXXXXX.dir/Src/main.c.obj
 .debug_abbrev  0x0000081b       0x80 CMakeFiles/XXXXXXX.dir/Src/stm32f4xx_it.c.obj
 .debug_abbrev  0x0000089b       0x24 CMakeFiles/XXXXXXX.dir/startup_stm32f407xx.s.obj

.debug_aranges  0x00000000      0x310
 .debug_aranges
                0x00000000       0x28 cmake/stm32cubemx/CMakeFiles/STM32_Drivers.dir/__/__/Src/system_stm32f4xx.c.obj
 .debug_aranges
                0x00000028       0x70 cmake/stm32cubemx/CMakeFiles/STM32_Drivers.dir/__/__/Drivers/STM32F4xx_HAL_Driver/Src/stm32f4xx_ll_gpio.c.obj
 .debug_aranges
                0x00000098       0xf8 cmake/stm32cubemx/CMakeFiles/STM32_Drivers.dir/__/__/Drivers/STM32F4xx_HAL_Driver/Src/stm32f4xx_ll_utils.c.obj
 .debug_aranges
                0x00000190       0xf8 CMakeFiles/XXXXXXX.dir/Src/main.c.obj
 .debug_aranges
                0x00000288       0x60 CMakeFiles/XXXXXXX.dir/Src/stm32f4xx_it.c.obj
 .debug_aranges
                0x000002e8       0x28 CMakeFiles/XXXXXXX.dir/startup_stm32f407xx.s.obj

.debug_rnglists
                0x00000000      0x236
 .debug_rnglists
                0x00000000       0x1a cmake/stm32cubemx/CMakeFiles/STM32_Drivers.dir/__/__/Src/system_stm32f4xx.c.obj
 .debug_rnglists
                0x0000001a       0x51 cmake/stm32cubemx/CMakeFiles/STM32_Drivers.dir/__/__/Drivers/STM32F4xx_HAL_Driver/Src/stm32f4xx_ll_gpio.c.obj
 .debug_rnglists
                0x0000006b       0xb8 cmake/stm32cubemx/CMakeFiles/STM32_Drivers.dir/__/__/Drivers/STM32F4xx_HAL_Driver/Src/stm32f4xx_ll_utils.c.obj
 .debug_rnglists
                0x00000123       0xb7 CMakeFiles/XXXXXXX.dir/Src/main.c.obj
 .debug_rnglists
                0x000001da       0x43 CMakeFiles/XXXXXXX.dir/Src/stm32f4xx_it.c.obj
 .debug_rnglists
                0x0000021d       0x19 CMakeFiles/XXXXXXX.dir/startup_stm32f407xx.s.obj

.debug_macro    0x00000000    0x19b25
 .debug_macro   0x00000000       0xce cmake/stm32cubemx/CMakeFiles/STM32_Drivers.dir/__/__/Src/system_stm32f4xx.c.obj
 .debug_macro   0x000000ce      0xb1a cmake/stm32cubemx/CMakeFiles/STM32_Drivers.dir/__/__/Src/system_stm32f4xx.c.obj
 .debug_macro   0x00000be8       0x2e cmake/stm32cubemx/CMakeFiles/STM32_Drivers.dir/__/__/Src/system_stm32f4xx.c.obj
 .debug_macro   0x00000c16       0x2f cmake/stm32cubemx/CMakeFiles/STM32_Drivers.dir/__/__/Src/system_stm32f4xx.c.obj
 .debug_macro   0x00000c45       0x22 cmake/stm32cubemx/CMakeFiles/STM32_Drivers.dir/__/__/Src/system_stm32f4xx.c.obj
 .debug_macro   0x00000c67       0x8e cmake/stm32cubemx/CMakeFiles/STM32_Drivers.dir/__/__/Src/system_stm32f4xx.c.obj
 .debug_macro   0x00000cf5       0x51 cmake/stm32cubemx/CMakeFiles/STM32_Drivers.dir/__/__/Src/system_stm32f4xx.c.obj
 .debug_macro   0x00000d46      0x103 cmake/stm32cubemx/CMakeFiles/STM32_Drivers.dir/__/__/Src/system_stm32f4xx.c.obj
 .debug_macro   0x00000e49       0x6a cmake/stm32cubemx/CMakeFiles/STM32_Drivers.dir/__/__/Src/system_stm32f4xx.c.obj
 .debug_macro   0x00000eb3      0x1df cmake/stm32cubemx/CMakeFiles/STM32_Drivers.dir/__/__/Src/system_stm32f4xx.c.obj
 .debug_macro   0x00001092       0x1c cmake/stm32cubemx/CMakeFiles/STM32_Drivers.dir/__/__/Src/system_stm32f4xx.c.obj
 .debug_macro   0x000010ae       0x22 cmake/stm32cubemx/CMakeFiles/STM32_Drivers.dir/__/__/Src/system_stm32f4xx.c.obj
 .debug_macro   0x000010d0       0xfb cmake/stm32cubemx/CMakeFiles/STM32_Drivers.dir/__/__/Src/system_stm32f4xx.c.obj
 .debug_macro   0x000011cb     0x1011 cmake/stm32cubemx/CMakeFiles/STM32_Drivers.dir/__/__/Src/system_stm32f4xx.c.obj
 .debug_macro   0x000021dc      0x11f cmake/stm32cubemx/CMakeFiles/STM32_Drivers.dir/__/__/Src/system_stm32f4xx.c.obj
 .debug_macro   0x000022fb    0x15ea5 cmake/stm32cubemx/CMakeFiles/STM32_Drivers.dir/__/__/Src/system_stm32f4xx.c.obj
 .debug_macro   0x000181a0       0x6d cmake/stm32cubemx/CMakeFiles/STM32_Drivers.dir/__/__/Src/system_stm32f4xx.c.obj
 .debug_macro   0x0001820d      0x110 cmake/stm32cubemx/CMakeFiles/STM32_Drivers.dir/__/__/Drivers/STM32F4xx_HAL_Driver/Src/stm32f4xx_ll_gpio.c.obj
 .debug_macro   0x0001831d      0x143 cmake/stm32cubemx/CMakeFiles/STM32_Drivers.dir/__/__/Drivers/STM32F4xx_HAL_Driver/Src/stm32f4xx_ll_gpio.c.obj
 .debug_macro   0x00018460      0x1d5 cmake/stm32cubemx/CMakeFiles/STM32_Drivers.dir/__/__/Drivers/STM32F4xx_HAL_Driver/Src/stm32f4xx_ll_gpio.c.obj
 .debug_macro   0x00018635      0x1ae cmake/stm32cubemx/CMakeFiles/STM32_Drivers.dir/__/__/Drivers/STM32F4xx_HAL_Driver/Src/stm32f4xx_ll_utils.c.obj
 .debug_macro   0x000187e3       0x5b cmake/stm32cubemx/CMakeFiles/STM32_Drivers.dir/__/__/Drivers/STM32F4xx_HAL_Driver/Src/stm32f4xx_ll_utils.c.obj
 .debug_macro   0x0001883e      0x781 cmake/stm32cubemx/CMakeFiles/STM32_Drivers.dir/__/__/Drivers/STM32F4xx_HAL_Driver/Src/stm32f4xx_ll_utils.c.obj
 .debug_macro   0x00018fbf      0x20a cmake/stm32cubemx/CMakeFiles/STM32_Drivers.dir/__/__/Drivers/STM32F4xx_HAL_Driver/Src/stm32f4xx_ll_utils.c.obj
 .debug_macro   0x000191c9       0xaa cmake/stm32cubemx/CMakeFiles/STM32_Drivers.dir/__/__/Drivers/STM32F4xx_HAL_Driver/Src/stm32f4xx_ll_utils.c.obj
 .debug_macro   0x00019273      0x134 CMakeFiles/XXXXXXX.dir/Src/main.c.obj
 .debug_macro   0x000193a7       0xe8 CMakeFiles/XXXXXXX.dir/Src/main.c.obj
 .debug_macro   0x0001948f      0x1a6 CMakeFiles/XXXXXXX.dir/Src/main.c.obj
 .debug_macro   0x00019635       0x61 CMakeFiles/XXXXXXX.dir/Src/main.c.obj
 .debug_macro   0x00019696      0x1e6 CMakeFiles/XXXXXXX.dir/Src/main.c.obj
 .debug_macro   0x0001987c      0x149 CMakeFiles/XXXXXXX.dir/Src/main.c.obj
 .debug_macro   0x000199c5       0x22 CMakeFiles/XXXXXXX.dir/Src/main.c.obj
 .debug_macro   0x000199e7      0x13e CMakeFiles/XXXXXXX.dir/Src/stm32f4xx_it.c.obj

.debug_line     0x00000000     0x21b6
 .debug_line    0x00000000      0x39c cmake/stm32cubemx/CMakeFiles/STM32_Drivers.dir/__/__/Src/system_stm32f4xx.c.obj
 .debug_line    0x0000039c      0x750 cmake/stm32cubemx/CMakeFiles/STM32_Drivers.dir/__/__/Drivers/STM32F4xx_HAL_Driver/Src/stm32f4xx_ll_gpio.c.obj
 .debug_line    0x00000aec      0x8aa cmake/stm32cubemx/CMakeFiles/STM32_Drivers.dir/__/__/Drivers/STM32F4xx_HAL_Driver/Src/stm32f4xx_ll_utils.c.obj
 .debug_line    0x00001396      0x877 CMakeFiles/XXXXXXX.dir/Src/main.c.obj
 .debug_line    0x00001c0d      0x52f CMakeFiles/XXXXXXX.dir/Src/stm32f4xx_it.c.obj
 .debug_line    0x0000213c       0x7a CMakeFiles/XXXXXXX.dir/startup_stm32f407xx.s.obj

.debug_str      0x00000000    0x93f4e
 .debug_str     0x00000000    0x93f4e cmake/stm32cubemx/CMakeFiles/STM32_Drivers.dir/__/__/Src/system_stm32f4xx.c.obj
                              0x8878a (size before relaxing)
 .debug_str     0x00093f4e    0x8a1b5 cmake/stm32cubemx/CMakeFiles/STM32_Drivers.dir/__/__/Drivers/STM32F4xx_HAL_Driver/Src/stm32f4xx_ll_gpio.c.obj
 .debug_str     0x00093f4e    0x8f437 cmake/stm32cubemx/CMakeFiles/STM32_Drivers.dir/__/__/Drivers/STM32F4xx_HAL_Driver/Src/stm32f4xx_ll_utils.c.obj
 .debug_str     0x00093f4e    0x92209 CMakeFiles/XXXXXXX.dir/Src/main.c.obj
 .debug_str     0x00093f4e    0x917de CMakeFiles/XXXXXXX.dir/Src/stm32f4xx_it.c.obj
 .debug_str     0x00093f4e       0xa2 CMakeFiles/XXXXXXX.dir/startup_stm32f407xx.s.obj

.debug_line_str
                0x00000000       0x86
 .debug_line_str
                0x00000000       0x86 CMakeFiles/XXXXXXX.dir/startup_stm32f407xx.s.obj
