Archive member included to satisfy reference by file (symbol)

C:/PROGRA~2/ARMGNU~1/14EFD8~1.2RE/bin/../lib/gcc/arm-none-eabi/14.2.1/thumb/v7e-m+fp/hard\libc_nano.a(libc_a-exit.o)
                              C:/PROGRA~2/ARMGNU~1/14EFD8~1.2RE/bin/../lib/gcc/arm-none-eabi/14.2.1/thumb/v7e-m+fp/hard/crt0.o (exit)
C:/PROGRA~2/ARMGNU~1/14EFD8~1.2RE/bin/../lib/gcc/arm-none-eabi/14.2.1/thumb/v7e-m+fp/hard\libc_nano.a(libc_a-findfp.o)
                              C:/PROGRA~2/ARMGNU~1/14EFD8~1.2RE/bin/../lib/gcc/arm-none-eabi/14.2.1/thumb/v7e-m+fp/hard\libc_nano.a(libc_a-exit.o) (__stdio_exit_handler)
C:/PROGRA~2/ARMGNU~1/14EFD8~1.2RE/bin/../lib/gcc/arm-none-eabi/14.2.1/thumb/v7e-m+fp/hard\libc_nano.a(libc_a-fwalk.o)
                              C:/PROGRA~2/ARMGNU~1/14EFD8~1.2RE/bin/../lib/gcc/arm-none-eabi/14.2.1/thumb/v7e-m+fp/hard\libc_nano.a(libc_a-findfp.o) (_fwalk_sglue)
C:/PROGRA~2/ARMGNU~1/14EFD8~1.2RE/bin/../lib/gcc/arm-none-eabi/14.2.1/thumb/v7e-m+fp/hard\libc_nano.a(libc_a-stdio.o)
                              C:/PROGRA~2/ARMGNU~1/14EFD8~1.2RE/bin/../lib/gcc/arm-none-eabi/14.2.1/thumb/v7e-m+fp/hard\libc_nano.a(libc_a-findfp.o) (__sread)
C:/PROGRA~2/ARMGNU~1/14EFD8~1.2RE/bin/../lib/gcc/arm-none-eabi/14.2.1/thumb/v7e-m+fp/hard\libc_nano.a(libc_a-memset.o)
                              C:/PROGRA~2/ARMGNU~1/14EFD8~1.2RE/bin/../lib/gcc/arm-none-eabi/14.2.1/thumb/v7e-m+fp/hard/crt0.o (memset)
C:/PROGRA~2/ARMGNU~1/14EFD8~1.2RE/bin/../lib/gcc/arm-none-eabi/14.2.1/thumb/v7e-m+fp/hard\libc_nano.a(libc_a-closer.o)
                              C:/PROGRA~2/ARMGNU~1/14EFD8~1.2RE/bin/../lib/gcc/arm-none-eabi/14.2.1/thumb/v7e-m+fp/hard\libc_nano.a(libc_a-stdio.o) (_close_r)
C:/PROGRA~2/ARMGNU~1/14EFD8~1.2RE/bin/../lib/gcc/arm-none-eabi/14.2.1/thumb/v7e-m+fp/hard\libc_nano.a(libc_a-reent.o)
                              C:/PROGRA~2/ARMGNU~1/14EFD8~1.2RE/bin/../lib/gcc/arm-none-eabi/14.2.1/thumb/v7e-m+fp/hard\libc_nano.a(libc_a-closer.o) (errno)
C:/PROGRA~2/ARMGNU~1/14EFD8~1.2RE/bin/../lib/gcc/arm-none-eabi/14.2.1/thumb/v7e-m+fp/hard\libc_nano.a(libc_a-impure.o)
                              C:/PROGRA~2/ARMGNU~1/14EFD8~1.2RE/bin/../lib/gcc/arm-none-eabi/14.2.1/thumb/v7e-m+fp/hard\libc_nano.a(libc_a-reent.o) (_impure_ptr)
C:/PROGRA~2/ARMGNU~1/14EFD8~1.2RE/bin/../lib/gcc/arm-none-eabi/14.2.1/thumb/v7e-m+fp/hard\libc_nano.a(libc_a-lseekr.o)
                              C:/PROGRA~2/ARMGNU~1/14EFD8~1.2RE/bin/../lib/gcc/arm-none-eabi/14.2.1/thumb/v7e-m+fp/hard\libc_nano.a(libc_a-stdio.o) (_lseek_r)
C:/PROGRA~2/ARMGNU~1/14EFD8~1.2RE/bin/../lib/gcc/arm-none-eabi/14.2.1/thumb/v7e-m+fp/hard\libc_nano.a(libc_a-readr.o)
                              C:/PROGRA~2/ARMGNU~1/14EFD8~1.2RE/bin/../lib/gcc/arm-none-eabi/14.2.1/thumb/v7e-m+fp/hard\libc_nano.a(libc_a-stdio.o) (_read_r)
C:/PROGRA~2/ARMGNU~1/14EFD8~1.2RE/bin/../lib/gcc/arm-none-eabi/14.2.1/thumb/v7e-m+fp/hard\libc_nano.a(libc_a-writer.o)
                              C:/PROGRA~2/ARMGNU~1/14EFD8~1.2RE/bin/../lib/gcc/arm-none-eabi/14.2.1/thumb/v7e-m+fp/hard\libc_nano.a(libc_a-stdio.o) (_write_r)
C:/PROGRA~2/ARMGNU~1/14EFD8~1.2RE/bin/../lib/gcc/arm-none-eabi/14.2.1/thumb/v7e-m+fp/hard\libc_nano.a(libc_a-init.o)
                              C:/PROGRA~2/ARMGNU~1/14EFD8~1.2RE/bin/../lib/gcc/arm-none-eabi/14.2.1/thumb/v7e-m+fp/hard/crt0.o (__libc_init_array)
C:/PROGRA~2/ARMGNU~1/14EFD8~1.2RE/bin/../lib/gcc/arm-none-eabi/14.2.1/thumb/v7e-m+fp/hard\libc_nano.a(libc_a-lock.o)
                              C:/PROGRA~2/ARMGNU~1/14EFD8~1.2RE/bin/../lib/gcc/arm-none-eabi/14.2.1/thumb/v7e-m+fp/hard\libc_nano.a(libc_a-findfp.o) (__retarget_lock_init_recursive)
C:/PROGRA~2/ARMGNU~1/14EFD8~1.2RE/bin/../lib/gcc/arm-none-eabi/14.2.1/thumb/v7e-m+fp/hard\libc_nano.a(libc_a-freer.o)
                              C:/PROGRA~2/ARMGNU~1/14EFD8~1.2RE/bin/../lib/gcc/arm-none-eabi/14.2.1/thumb/v7e-m+fp/hard\libc_nano.a(libc_a-reent.o) (_free_r)
C:/PROGRA~2/ARMGNU~1/14EFD8~1.2RE/bin/../lib/gcc/arm-none-eabi/14.2.1/thumb/v7e-m+fp/hard\libc_nano.a(libc_a-mallocr.o)
                              C:/PROGRA~2/ARMGNU~1/14EFD8~1.2RE/bin/../lib/gcc/arm-none-eabi/14.2.1/thumb/v7e-m+fp/hard\libc_nano.a(libc_a-findfp.o) (_malloc_r)
C:/PROGRA~2/ARMGNU~1/14EFD8~1.2RE/bin/../lib/gcc/arm-none-eabi/14.2.1/thumb/v7e-m+fp/hard\libc_nano.a(libc_a-mlock.o)
                              C:/PROGRA~2/ARMGNU~1/14EFD8~1.2RE/bin/../lib/gcc/arm-none-eabi/14.2.1/thumb/v7e-m+fp/hard\libc_nano.a(libc_a-freer.o) (__malloc_lock)
C:/PROGRA~2/ARMGNU~1/14EFD8~1.2RE/bin/../lib/gcc/arm-none-eabi/14.2.1/thumb/v7e-m+fp/hard\libc_nano.a(libc_a-fflush.o)
                              C:/PROGRA~2/ARMGNU~1/14EFD8~1.2RE/bin/../lib/gcc/arm-none-eabi/14.2.1/thumb/v7e-m+fp/hard\libc_nano.a(libc_a-findfp.o) (_fflush_r)
C:/PROGRA~2/ARMGNU~1/14EFD8~1.2RE/bin/../lib/gcc/arm-none-eabi/14.2.1/thumb/v7e-m+fp/hard\libc_nano.a(libc_a-sbrkr.o)
[...]
Memory Configuration

Name             Origin             Length             Attributes
RAM              0x20000000         0x00020000         xrw
FLASH            0x08000000         0x00080000         xr
*default*        0x00000000         0xffffffff

Linker script and memory map

LOAD C:/PROGRA~2/ARMGNU~1/14EFD8~1.2RE/bin/../lib/gcc/arm-none-eabi/14.2.1/thumb/v7e-m+fp/hard/crti.o
LOAD C:/PROGRA~2/ARMGNU~1/14EFD8~1.2RE/bin/../lib/gcc/arm-none-eabi/14.2.1/thumb/v7e-m+fp/hard/crtbegin.o
LOAD C:/PROGRA~2/ARMGNU~1/14EFD8~1.2RE/bin/../lib/gcc/arm-none-eabi/14.2.1/thumb/v7e-m+fp/hard/crt0.o
LOAD C:/PROGRA~2/ARMGNU~1/14EFD8~1.2RE/bin/../lib/gcc/arm-none-eabi/14.2.1/thumb/v7e-m+fp/hard\libc_nano.a
LOAD C:/PROGRA~2/ARMGNU~1/14EFD8~1.2RE/bin/../lib/gcc/arm-none-eabi/14.2.1/thumb/v7e-m+fp/hard\libm.a
LOAD C:/PROGRA~2/ARMGNU~1/14EFD8~1.2RE/bin/../lib/gcc/arm-none-eabi/14.2.1/thumb/v7e-m+fp/hard\libnosys.a
LOAD CMakeFiles/Example_02.out.dir/main.c.obj
LOAD CMakeFiles/Example_02.out.dir/C_/embedded/STM32_Workspace/First_CMAKE_PRJ/Soft_Timer01/Middlewares/Third_Party/FreeRTOS/Source/croutine.c.obj
LOAD CMakeFiles/Example_02.out.dir/C_/embedded/STM32_Workspace/First_CMAKE_PRJ/Soft_Timer01/Middlewares/Third_Party/FreeRTOS/Source/event_groups.c.obj
LOAD CMakeFiles/Example_02.out.dir/C_/embedded/STM32_Workspace/First_CMAKE_PRJ/Soft_Timer01/Middlewares/Third_Party/FreeRTOS/Source/list.c.obj
LOAD CMakeFiles/Example_02.out.dir/C_/embedded/STM32_Workspace/First_CMAKE_PRJ/Soft_Timer01/Middlewares/Third_Party/FreeRTOS/Source/queue.c.obj
LOAD CMakeFiles/Example_02.out.dir/C_/embedded/STM32_Workspace/First_CMAKE_PRJ/Soft_Timer01/Middlewares/Third_Party/FreeRTOS/Source/stream_buffer.c.obj
LOAD CMakeFiles/Example_02.out.dir/C_/embedded/STM32_Workspace/First_CMAKE_PRJ/Soft_Timer01/Middlewares/Third_Party/FreeRTOS/Source/tasks.c.obj
LOAD CMakeFiles/Example_02.out.dir/C_/embedded/STM32_Workspace/First_CMAKE_PRJ/Soft_Timer01/Middlewares/Third_Party/FreeRTOS/Source/timers.c.obj
LOAD CMakeFiles/Example_02.out.dir/C_/embedded/STM32_Workspace/First_CMAKE_PRJ/Soft_Timer01/Middlewares/Third_Party/FreeRTOS/Source/portable/MemMang/heap_4.c.obj
LOAD CMakeFiles/Example_02.out.dir/C_/embedded/STM32_Workspace/First_CMAKE_PRJ/Soft_Timer01/Middlewares/Third_Party/FreeRTOS/Source/portable/GCC/ARM_CM4F/port.c.obj
LOAD CMakeFiles/Example_02.out.dir/C_/embedded/STM32_Workspace/First_CMAKE_PRJ/Soft_Timer01/Middlewares/Third_Party/SEGGER/Config/SEGGER_SYSVIEW_Config_FreeRTOS.c.obj
LOAD CMakeFiles/Example_02.out.dir/C_/embedded/STM32_Workspace/First_CMAKE_PRJ/Soft_Timer01/Middlewares/Third_Party/SEGGER/OS/SEGGER_SYSVIEW_FreeRTOS.c.obj
LOAD CMakeFiles/Example_02.out.dir/C_/embedded/STM32_Workspace/First_CMAKE_PRJ/Soft_Timer01/Middlewares/Third_Party/SEGGER/Rec/segger_uart.c.obj
LOAD CMakeFiles/Example_02.out.dir/C_/embedded/STM32_Workspace/First_CMAKE_PRJ/Soft_Timer01/Middlewares/Third_Party/SEGGER/SEGGER/Syscalls/SEGGER_RTT_Syscalls_GCC.c.obj
LOAD CMakeFiles/Example_02.out.dir/C_/embedded/STM32_Workspace/First_CMAKE_PRJ/Soft_Timer01/Middlewares/Third_Party/SEGGER/SEGGER/SEGGER_RTT.c.obj
LOAD CMakeFiles/Example_02.out.dir/C_/embedded/STM32_Workspace/First_CMAKE_PRJ/Soft_Timer01/Middlewares/Third_Party/SEGGER/SEGGER/SEGGER_RTT_printf.c.obj
LOAD CMakeFiles/Example_02.out.dir/C_/embedded/STM32_Workspace/First_CMAKE_PRJ/Soft_Timer01/Middlewares/Third_Party/SEGGER/SEGGER/SEGGER_SYSVIEW.c.obj
LOAD CMakeFiles/Example_02.out.dir/C_/embedded/STM32_Workspace/First_CMAKE_PRJ/Soft_Timer01/Middlewares/Third_Party/SEGGER/SEGGER/SEGGER_RTT_ASM_ARMv7M.S.obj
LOAD CMakeFiles/Example_02.out.dir/C_/embedded/STM32_Workspace/First_CMAKE_PRJ/Soft_Timer01/Drivers/STM32F4xx_HAL_Driver/Src/stm32f4xx_hal_tim.c.obj
LOAD CMakeFiles/Example_02.out.dir/C_/embedded/STM32_Workspace/First_CMAKE_PRJ/Soft_Timer01/Drivers/STM32F4xx_HAL_Driver/Src/stm32f4xx_hal_tim_ex.c.obj
LOAD CMakeFiles/Example_02.out.dir/C_/embedded/STM32_Workspace/First_CMAKE_PRJ/Soft_Timer01/Drivers/STM32F4xx_HAL_Driver/Src/stm32f4xx_hal_rcc.c.obj
LOAD CMakeFiles/Example_02.out.dir/C_/embedded/STM32_Workspace/First_CMAKE_PRJ/Soft_Timer01/Drivers/STM32F4xx_HAL_Driver/Src/stm32f4xx_hal_rcc_ex.c.obj
LOAD CMakeFiles/Example_02.out.dir/C_/embedded/STM32_Workspace/First_CMAKE_PRJ/Soft_Timer01/Drivers/STM32F4xx_HAL_Driver/Src/stm32f4xx_hal_flash.c.obj
LOAD CMakeFiles/Example_02.out.dir/C_/embedded/STM32_Workspace/First_CMAKE_PRJ/Soft_Timer01/Drivers/STM32F4xx_HAL_Driver/Src/stm32f4xx_hal_flash_ex.c.obj
LOAD CMakeFiles/Example_02.out.dir/C_/embedded/STM32_Workspace/First_CMAKE_PRJ/Soft_Timer01/Drivers/STM32F4xx_HAL_Driver/Src/stm32f4xx_hal_flash_ramfunc.c.obj
LOAD CMakeFiles/Example_02.out.dir/C_/embedded/STM32_Workspace/First_CMAKE_PRJ/Soft_Timer01/Drivers/STM32F4xx_HAL_Driver/Src/stm32f4xx_hal_gpio.c.obj
LOAD CMakeFiles/Example_02.out.dir/C_/embedded/STM32_Workspace/First_CMAKE_PRJ/Soft_Timer01/Drivers/STM32F4xx_HAL_Driver/Src/stm32f4xx_hal_dma_ex.c.obj
LOAD CMakeFiles/Example_02.out.dir/C_/embedded/STM32_Workspace/First_CMAKE_PRJ/Soft_Timer01/Drivers/STM32F4xx_HAL_Driver/Src/stm32f4xx_hal_dma.c.obj
LOAD CMakeFiles/Example_02.out.dir/C_/embedded/STM32_Workspace/First_CMAKE_PRJ/Soft_Timer01/Drivers/STM32F4xx_HAL_Driver/Src/stm32f4xx_hal_pwr.c.obj
LOAD CMakeFiles/Example_02.out.dir/C_/embedded/STM32_Workspace/First_CMAKE_PRJ/Soft_Timer01/Drivers/STM32F4xx_HAL_Driver/Src/stm32f4xx_hal_pwr_ex.c.obj
LOAD CMakeFiles/Example_02.out.dir/C_/embedded/STM32_Workspace/First_CMAKE_PRJ/Soft_Timer01/Drivers/STM32F4xx_HAL_Driver/Src/stm32f4xx_hal_cortex.c.obj
LOAD CMakeFiles/Example_02.out.dir/C_/embedded/STM32_Workspace/First_CMAKE_PRJ/Soft_Timer01/Drivers/STM32F4xx_HAL_Driver/Src/stm32f4xx_hal.c.obj
LOAD CMakeFiles/Example_02.out.dir/C_/embedded/STM32_Workspace/First_CMAKE_PRJ/Soft_Timer01/Drivers/STM32F4xx_HAL_Driver/Src/stm32f4xx_hal_exti.c.obj
LOAD CMakeFiles/Example_02.out.dir/C_/embedded/STM32_Workspace/First_CMAKE_PRJ/Soft_Timer01/Src/stm32f4xx_hal_msp.c.obj
LOAD CMakeFiles/Example_02.out.dir/C_/embedded/STM32_Workspace/First_CMAKE_PRJ/Soft_Timer01/Src/stm32f4xx_it.c.obj
LOAD CMakeFiles/Example_02.out.dir/C_/embedded/STM32_Workspace/First_CMAKE_PRJ/Soft_Timer01/Src/system_stm32f4xx.c.obj
LOAD CMakeFiles/Example_02.out.dir/C_/embedded/STM32_Workspace/First_CMAKE_PRJ/Soft_Timer01/Src/stm32f4xx_hal_timebase_tim.c.obj
LOAD CMakeFiles/Example_02.out.dir/C_/embedded/STM32_Workspace/First_CMAKE_PRJ/Soft_Timer01/startup_stm32f411xe.s.obj
START GROUP
LOAD C:/PROGRA~2/ARMGNU~1/14EFD8~1.2RE/bin/../lib/gcc/arm-none-eabi/14.2.1/thumb/v7e-m+fp/hard\libgcc.a
LOAD C:/PROGRA~2/ARMGNU~1/14EFD8~1.2RE/bin/../lib/gcc/arm-none-eabi/14.2.1/thumb/v7e-m+fp/hard\libc_nano.a
END GROUP
START GROUP
LOAD C:/PROGRA~2/ARMGNU~1/14EFD8~1.2RE/bin/../lib/gcc/arm-none-eabi/14.2.1/thumb/v7e-m+fp/hard\libgcc.a
LOAD C:/PROGRA~2/ARMGNU~1/14EFD8~1.2RE/bin/../lib/gcc/arm-none-eabi/14.2.1/thumb/v7e-m+fp/hard\libc_nano.a
END GROUP
LOAD C:/PROGRA~2/ARMGNU~1/14EFD8~1.2RE/bin/../lib/gcc/arm-none-eabi/14.2.1/thumb/v7e-m+fp/hard/crtend.o
LOAD C:/PROGRA~2/ARMGNU~1/14EFD8~1.2RE/bin/../lib/gcc/arm-none-eabi/14.2.1/thumb/v7e-m+fp/hard/crtn.o
                0x20020000                        _estack = (ORIGIN (RAM) + LENGTH (RAM))
                0x00000200                        _Min_Heap_Size = 0x200
                0x00000400                        _Min_Stack_Size = 0x400

.isr_vector     0x08000000      0x198
                0x08000000                        . = ALIGN (0x4)
 *(.isr_vector)
 .isr_vector    0x08000000      0x198 CMakeFiles/Example_02.out.dir/C_/embedded/STM32_Workspace/First_CMAKE_PRJ/Soft_Timer01/startup_stm32f411xe.s.obj
                0x08000000                g_pfnVectors
                0x08000198                        . = ALIGN (0x4)

.text           0x080001a0     0x6d3c
                0x080001a0                        . = ALIGN (0x4)
 *(.text)
 .text          0x080001a0       0x94 CMakeFiles/Example_02.out.dir/C_/embedded/STM32_Workspace/First_CMAKE_PRJ/Soft_Timer01/Middlewares/Third_Party/SEGGER/SEGGER/SEGGER_RTT_ASM_ARMv7M.S.obj
                0x080001a0                SEGGER_RTT_ASM_WriteSkipNoLock
 .text          0x08000234       0x30 C:/PROGRA~2/ARMGNU~1/14EFD8~1.2RE/bin/../lib/gcc/arm-none-eabi/14.2.1/thumb/v7e-m+fp/hard\libgcc.a(_aeabi_uldivmod.o)
                0x08000234                __aeabi_uldivmod
 .text          0x08000264        0x4 C:/PROGRA~2/ARMGNU~1/14EFD8~1.2RE/bin/../lib/gcc/arm-none-eabi/14.2.1/thumb/v7e-m+fp/hard\libgcc.a(_dvmd_tls.o)
                0x08000264                __aeabi_idiv0
                0x08000264                __aeabi_ldiv0
 *(.text*)
 .text.deregister_tm_clones
                0x08000268       0x1c C:/PROGRA~2/ARMGNU~1/14EFD8~1.2RE/bin/../lib/gcc/arm-none-eabi/14.2.1/thumb/v7e-m+fp/hard/crtbegin.o
 .text.register_tm_clones
                0x08000284       0x24 C:/PROGRA~2/ARMGNU~1/14EFD8~1.2RE/bin/../lib/gcc/arm-none-eabi/14.2.1/thumb/v7e-m+fp/hard/crtbegin.o
 .text.__do_global_dtors_aux
                0x080002a8       0x28 C:/PROGRA~2/ARMGNU~1/14EFD8~1.2RE/bin/../lib/gcc/arm-none-eabi/14.2.1/thumb/v7e-m+fp/hard/crtbegin.o
 .text.frame_dummy
                0x080002d0       0x24 C:/PROGRA~2/ARMGNU~1/14EFD8~1.2RE/bin/../lib/gcc/arm-none-eabi/14.2.1/thumb/v7e-m+fp/hard/crtbegin.o
 .text.memset   0x080002f4       0x10 C:/PROGRA~2/ARMGNU~1/14EFD8~1.2RE/bin/../lib/gcc/arm-none-eabi/14.2.1/thumb/v7e-m+fp/hard\libc_nano.a(libc_a-memset.o)
                0x080002f4                memset
 .text.__libc_init_array
                0x08000304       0x48 C:/PROGRA~2/ARMGNU~1/14EFD8~1.2RE/bin/../lib/gcc/arm-none-eabi/14.2.1/thumb/v7e-m+fp/hard\libc_nano.a(libc_a-init.o)
                0x08000304                __libc_init_array
 .text.main     0x0800034c      0x114 CMakeFiles/Example_02.out.dir/main.c.obj
                0x0800034c                main
 .text.SystemClock_Config
                0x08000460       0xd0 CMakeFiles/Example_02.out.dir/main.c.obj
                0x08000460                SystemClock_Config
 .text.MX_GPIO_Init
                0x08000530       0x88 CMakeFiles/Example_02.out.dir/main.c.obj
 .text.STimer1CallBack
                0x080005b8       0x3c CMakeFiles/Example_02.out.dir/main.c.obj
 .text.STimer2CallBack
                0x080005f4       0x3c CMakeFiles/Example_02.out.dir/main.c.obj
 .text.STimer3CallBack
                0x08000630       0x3c CMakeFiles/Example_02.out.dir/main.c.obj
 .text.HAL_TIM_PeriodElapsedCallback
                0x0800066c       0x24 CMakeFiles/Example_02.out.dir/main.c.obj
                0x0800066c                HAL_TIM_PeriodElapsedCallback
 .text.Error_Handler
                0x08000690        0xc CMakeFiles/Example_02.out.dir/main.c.obj
                0x08000690                Error_Handler
 .text.vListInitialise
                0x0800069c       0x40 CMakeFiles/Example_02.out.dir/C_/embedded/STM32_Workspace/First_CMAKE_PRJ/Soft_Timer01/Middlewares/Third_Party/FreeRTOS/Source/list.c.obj
                0x0800069c                vListInitialise
 .text.vListInitialiseItem
                0x080006dc       0x1a CMakeFiles/Example_02.out.dir/C_/embedded/STM32_Workspace/First_CMAKE_PRJ/Soft_Timer01/Middlewares/Third_Party/FreeRTOS/Source/list.c.obj
                0x080006dc                vListInitialiseItem
 .text.vListInsert
                0x080006f6       0x72 CMakeFiles/Example_02.out.dir/C_/embedded/STM32_Workspace/First_CMAKE_PRJ/Soft_Timer01/Middlewares/Third_Party/FreeRTOS/Source/list.c.obj
                0x080006f6                vListInsert
 .text.uxListRemove
                0x08000768       0x54 CMakeFiles/Example_02.out.dir/C_/embedded/STM32_Workspace/First_CMAKE_PRJ/Soft_Timer01/Middlewares/Third_Party/FreeRTOS/Source/list.c.obj
                0x08000768                uxListRemove
 .text.xQueueGenericReset
                0x080007bc      0x124 CMakeFiles/Example_02.out.dir/C_/embedded/STM32_Workspace/First_CMAKE_PRJ/Soft_Timer01/Middlewares/Third_Party/FreeRTOS/Source/queue.c.obj
                0x080007bc                xQueueGenericReset
 .text.xQueueGenericCreate
                0x080008e0       0x9e CMakeFiles/Example_02.out.dir/C_/embedded/STM32_Workspace/First_CMAKE_PRJ/Soft_Timer01/Middlewares/Third_Party/FreeRTOS/Source/queue.c.obj
                0x080008e0                xQueueGenericCreate
 .text.prvInitialiseNewQueue
                0x0800097e       0x52 CMakeFiles/Example_02.out.dir/C_/embedded/STM32_Workspace/First_CMAKE_PRJ/Soft_Timer01/Middlewares/Third_Party/FreeRTOS/Source/queue.c.obj
 .text.xQueueGenericSend
                0x080009d0      0x254 CMakeFiles/Example_02.out.dir/C_/embedded/STM32_Workspace/First_CMAKE_PRJ/Soft_Timer01/Middlewares/Third_Party/FreeRTOS/Source/queue.c.obj
                0x080009d0                xQueueGenericSend
 .text.xQueueGenericSendFromISR
                0x08000c24      0x194 CMakeFiles/Example_02.out.dir/C_/embedded/STM32_Workspace/First_CMAKE_PRJ/Soft_Timer01/Middlewares/Third_Party/FreeRTOS/Source/queue.c.obj
                0x08000c24                xQueueGenericSendFromISR
 .text.xQueueReceive
                0x08000db8      0x228 CMakeFiles/Example_02.out.dir/C_/embedded/STM32_Workspace/First_CMAKE_PRJ/Soft_Timer01/Middlewares/Third_Party/FreeRTOS/Source/queue.c.obj
                0x08000db8                xQueueReceive
 .text.prvCopyDataToQueue
                0x08000fe0       0xd4 CMakeFiles/Example_02.out.dir/C_/embedded/STM32_Workspace/First_CMAKE_PRJ/Soft_Timer01/Middlewares/Third_Party/FreeRTOS/Source/queue.c.obj
 .text.prvCopyDataFromQueue
                0x080010b4       0x4c CMakeFiles/Example_02.out.dir/C_/embedded/STM32_Workspace/First_CMAKE_PRJ/Soft_Timer01/Middlewares/Third_Party/FreeRTOS/Source/queue.c.obj
 .text.prvUnlockQueue
                0x08001100       0xa4 CMakeFiles/Example_02.out.dir/C_/embedded/STM32_Workspace/First_CMAKE_PRJ/Soft_Timer01/Middlewares/Third_Party/FreeRTOS/Source/queue.c.obj
 .text.prvIsQueueEmpty
                0x080011a4       0x2c CMakeFiles/Example_02.out.dir/C_/embedded/STM32_Workspace/First_CMAKE_PRJ/Soft_Timer01/Middlewares/Third_Party/FreeRTOS/Source/queue.c.obj
 .text.prvIsQueueFull
                0x080011d0       0x30 CMakeFiles/Example_02.out.dir/C_/embedded/STM32_Workspace/First_CMAKE_PRJ/Soft_Timer01/Middlewares/Third_Party/FreeRTOS/Source/queue.c.obj
 .text.vQueueAddToRegistry
                0x08001200       0xb0 CMakeFiles/Example_02.out.dir/C_/embedded/STM32_Workspace/First_CMAKE_PRJ/Soft_Timer01/Middlewares/Third_Party/FreeRTOS/Source/queue.c.obj
                0x08001200                vQueueAddToRegistry
 .text.vQueueWaitForMessageRestricted
                0x080012b0       0x68 CMakeFiles/Example_02.out.dir/C_/embedded/STM32_Workspace/First_CMAKE_PRJ/Soft_Timer01/Middlewares/Third_Party/FreeRTOS/Source/queue.c.obj
                0x080012b0                vQueueWaitForMessageRestricted
 .text.xTaskCreate
                0x08001318       0x8c CMakeFiles/Example_02.out.dir/C_/embedded/STM32_Workspace/First_CMAKE_PRJ/Soft_Timer01/Middlewares/Third_Party/FreeRTOS/Source/tasks.c.obj
                0x08001318                xTaskCreate
 .text.prvInitialiseNewTask
                0x080013a4      0x120 CMakeFiles/Example_02.out.dir/C_/embedded/STM32_Workspace/First_CMAKE_PRJ/Soft_Timer01/Middlewares/Third_Party/FreeRTOS/Source/tasks.c.obj
 .text.prvAddNewTaskToReadyList
                0x080014c4      0x168 CMakeFiles/Example_02.out.dir/C_/embedded/STM32_Workspace/First_CMAKE_PRJ/Soft_Timer01/Middlewares/Third_Party/FreeRTOS/Source/tasks.c.obj
 .text.vTaskStartScheduler
                0x0800162c       0xc4 CMakeFiles/Example_02.out.dir/C_/embedded/STM32_Workspace/First_CMAKE_PRJ/Soft_Timer01/Middlewares/Third_Party/FreeRTOS/Source/tasks.c.obj
                0x0800162c                vTaskStartScheduler
 .text.vTaskSuspendAll
                0x080016f0       0x1c CMakeFiles/Example_02.out.dir/C_/embedded/STM32_Workspace/First_CMAKE_PRJ/Soft_Timer01/Middlewares/Third_Party/FreeRTOS/Source/tasks.c.obj
                0x080016f0                vTaskSuspendAll
 .text.xTaskResumeAll
                0x0800170c      0x200 CMakeFiles/Example_02.out.dir/C_/embedded/STM32_Workspace/First_CMAKE_PRJ/Soft_Timer01/Middlewares/Third_Party/FreeRTOS/Source/tasks.c.obj
                0x0800170c                xTaskResumeAll
 .text.xTaskGetTickCount
                0x0800190c       0x20 CMakeFiles/Example_02.out.dir/C_/embedded/STM32_Workspace/First_CMAKE_PRJ/Soft_Timer01/Middlewares/Third_Party/FreeRTOS/Source/tasks.c.obj
                0x0800190c                xTaskGetTickCount
 .text.xTaskGetTickCountFromISR
                0x0800192c       0x24 CMakeFiles/Example_02.out.dir/C_/embedded/STM32_Workspace/First_CMAKE_PRJ/Soft_Timer01/Middlewares/Third_Party/FreeRTOS/Source/tasks.c.obj
                0x0800192c                xTaskGetTickCountFromISR
 .text.uxTaskGetNumberOfTasks
                0x08001950       0x18 CMakeFiles/Example_02.out.dir/C_/embedded/STM32_Workspace/First_CMAKE_PRJ/Soft_Timer01/Middlewares/Third_Party/FreeRTOS/Source/tasks.c.obj
                0x08001950                uxTaskGetNumberOfTasks
 .text.xTaskIncrementTick
                0x08001968      0x238 CMakeFiles/Example_02.out.dir/C_/embedded/STM32_Workspace/First_CMAKE_PRJ/Soft_Timer01/Middlewares/Third_Party/FreeRTOS/Source/tasks.c.obj
                0x08001968                xTaskIncrementTick
 .text.vTaskSwitchContext
                0x08001ba0       0xd4 CMakeFiles/Example_02.out.dir/C_/embedded/STM32_Workspace/First_CMAKE_PRJ/Soft_Timer01/Middlewares/Third_Party/FreeRTOS/Source/tasks.c.obj
                0x08001ba0                vTaskSwitchContext
 .text.vTaskPlaceOnEventList
                0x08001c74       0x4c CMakeFiles/Example_02.out.dir/C_/embedded/STM32_Workspace/First_CMAKE_PRJ/Soft_Timer01/Middlewares/Third_Party/FreeRTOS/Source/tasks.c.obj
                0x08001c74                vTaskPlaceOnEventList
 .text.vTaskPlaceOnEventListRestricted
                0x08001cc0       0x94 CMakeFiles/Example_02.out.dir/C_/embedded/STM32_Workspace/First_CMAKE_PRJ/Soft_Timer01/Middlewares/Third_Party/FreeRTOS/Source/tasks.c.obj
                0x08001cc0                vTaskPlaceOnEventListRestricted
 .text.xTaskRemoveFromEventList
                0x08001d54      0x1b4 CMakeFiles/Example_02.out.dir/C_/embedded/STM32_Workspace/First_CMAKE_PRJ/Soft_Timer01/Middlewares/Third_Party/FreeRTOS/Source/tasks.c.obj
                0x08001d54                xTaskRemoveFromEventList
 .text.vTaskInternalSetTimeOutState
                0x08001f08       0x2c CMakeFiles/Example_02.out.dir/C_/embedded/STM32_Workspace/First_CMAKE_PRJ/Soft_Timer01/Middlewares/Third_Party/FreeRTOS/Source/tasks.c.obj
                0x08001f08                vTaskInternalSetTimeOutState
 .text.xTaskCheckForTimeOut
                0x08001f34       0xd0 CMakeFiles/Example_02.out.dir/C_/embedded/STM32_Workspace/First_CMAKE_PRJ/Soft_Timer01/Middlewares/Third_Party/FreeRTOS/Source/tasks.c.obj
                0x08001f34                xTaskCheckForTimeOut
 .text.vTaskMissedYield
                0x08002004       0x18 CMakeFiles/Example_02.out.dir/C_/embedded/STM32_Workspace/First_CMAKE_PRJ/Soft_Timer01/Middlewares/Third_Party/FreeRTOS/Source/tasks.c.obj
                0x08002004                vTaskMissedYield
 .text.prvIdleTask
                0x0800201c       0x30 CMakeFiles/Example_02.out.dir/C_/embedded/STM32_Workspace/First_CMAKE_PRJ/Soft_Timer01/Middlewares/Third_Party/FreeRTOS/Source/tasks.c.obj
 .text.prvInitialiseTaskLists
                0x0800204c       0x80 CMakeFiles/Example_02.out.dir/C_/embedded/STM32_Workspace/First_CMAKE_PRJ/Soft_Timer01/Middlewares/Third_Party/FreeRTOS/Source/tasks.c.obj
 .text.prvCheckTasksWaitingTermination
                0x080020cc       0x5c CMakeFiles/Example_02.out.dir/C_/embedded/STM32_Workspace/First_CMAKE_PRJ/Soft_Timer01/Middlewares/Third_Party/FreeRTOS/Source/tasks.c.obj
 .text.prvDeleteTCB
                0x08002128       0x20 CMakeFiles/Example_02.out.dir/C_/embedded/STM32_Workspace/First_CMAKE_PRJ/Soft_Timer01/Middlewares/Third_Party/FreeRTOS/Source/tasks.c.obj
 .text.prvResetNextTaskUnblockTime
                0x08002148       0x38 CMakeFiles/Example_02.out.dir/C_/embedded/STM32_Workspace/First_CMAKE_PRJ/Soft_Timer01/Middlewares/Third_Party/FreeRTOS/Source/tasks.c.obj
 .text.xTaskGetSchedulerState
                0x08002180       0x3c CMakeFiles/Example_02.out.dir/C_/embedded/STM32_Workspace/First_CMAKE_PRJ/Soft_Timer01/Middlewares/Third_Party/FreeRTOS/Source/tasks.c.obj
                0x08002180                xTaskGetSchedulerState
 .text.xTaskPriorityDisinherit
                0x080021bc      0x15c CMakeFiles/Example_02.out.dir/C_/embedded/STM32_Workspace/First_CMAKE_PRJ/Soft_Timer01/Middlewares/Third_Party/FreeRTOS/Source/tasks.c.obj
                0x080021bc                xTaskPriorityDisinherit
 .text.prvAddCurrentTaskToDelayedList
                0x08002318      0x100 CMakeFiles/Example_02.out.dir/C_/embedded/STM32_Workspace/First_CMAKE_PRJ/Soft_Timer01/Middlewares/Third_Party/FreeRTOS/Source/tasks.c.obj
 .text.xTimerCreateTimerTask
                0x08002418       0x68 CMakeFiles/Example_02.out.dir/C_/embedded/STM32_Workspace/First_CMAKE_PRJ/Soft_Timer01/Middlewares/Third_Party/FreeRTOS/Source/timers.c.obj
                0x08002418                xTimerCreateTimerTask
 .text.xTimerCreate
                0x08002480       0x42 CMakeFiles/Example_02.out.dir/C_/embedded/STM32_Workspace/First_CMAKE_PRJ/Soft_Timer01/Middlewares/Third_Party/FreeRTOS/Source/timers.c.obj
                0x08002480                xTimerCreate
 .text.prvInitialiseNewTimer
                0x080024c2       0x72 CMakeFiles/Example_02.out.dir/C_/embedded/STM32_Workspace/First_CMAKE_PRJ/Soft_Timer01/Middlewares/Third_Party/FreeRTOS/Source/timers.c.obj
 .text.xTimerGenericCommand
                0x08002534       0x9c CMakeFiles/Example_02.out.dir/C_/embedded/STM32_Workspace/First_CMAKE_PRJ/Soft_Timer01/Middlewares/Third_Party/FreeRTOS/Source/timers.c.obj
                0x08002534                xTimerGenericCommand
 .text.prvReloadTimer
                0x080025d0       0x42 CMakeFiles/Example_02.out.dir/C_/embedded/STM32_Workspace/First_CMAKE_PRJ/Soft_Timer01/Middlewares/Third_Party/FreeRTOS/Source/timers.c.obj
 *fill*         0x08002612        0x2 
 .text.prvProcessExpiredTimer
                0x08002614       0x60 CMakeFiles/Example_02.out.dir/C_/embedded/STM32_Workspace/First_CMAKE_PRJ/Soft_Timer01/Middlewares/Third_Party/FreeRTOS/Source/timers.c.obj
 .text.prvTimerTask
                0x08002674       0x26 CMakeFiles/Example_02.out.dir/C_/embedded/STM32_Workspace/First_CMAKE_PRJ/Soft_Timer01/Middlewares/Third_Party/FreeRTOS/Source/timers.c.obj
 *fill*         0x0800269a        0x2 
 .text.prvProcessTimerOrBlockTask
                0x0800269c       0x9c CMakeFiles/Example_02.out.dir/C_/embedded/STM32_Workspace/First_CMAKE_PRJ/Soft_Timer01/Middlewares/Third_Party/FreeRTOS/Source/timers.c.obj
 .text.prvGetNextExpireTime
                0x08002738       0x48 CMakeFiles/Example_02.out.dir/C_/embedded/STM32_Workspace/First_CMAKE_PRJ/Soft_Timer01/Middlewares/Third_Party/FreeRTOS/Source/timers.c.obj
 .text.prvSampleTimeNow
                0x08002780       0x40 CMakeFiles/Example_02.out.dir/C_/embedded/STM32_Workspace/First_CMAKE_PRJ/Soft_Timer01/Middlewares/Third_Party/FreeRTOS/Source/timers.c.obj
 .text.prvInsertTimerInActiveList
                0x080027c0       0x84 CMakeFiles/Example_02.out.dir/C_/embedded/STM32_Workspace/First_CMAKE_PRJ/Soft_Timer01/Middlewares/Third_Party/FreeRTOS/Source/timers.c.obj
 .text.prvProcessReceivedCommands
                0x08002844      0x184 CMakeFiles/Example_02.out.dir/C_/embedded/STM32_Workspace/First_CMAKE_PRJ/Soft_Timer01/Middlewares/Third_Party/FreeRTOS/Source/timers.c.obj
 .text.prvSwitchTimerLists
                0x080029c8       0x4c CMakeFiles/Example_02.out.dir/C_/embedded/STM32_Workspace/First_CMAKE_PRJ/Soft_Timer01/Middlewares/Third_Party/FreeRTOS/Source/timers.c.obj
 .text.prvCheckForValidListAndQueue
                0x08002a14       0x6c CMakeFiles/Example_02.out.dir/C_/embedded/STM32_Workspace/First_CMAKE_PRJ/Soft_Timer01/Middlewares/Third_Party/FreeRTOS/Source/timers.c.obj
 .text.pvPortMalloc
                0x08002a80      0x178 CMakeFiles/Example_02.out.dir/C_/embedded/STM32_Workspace/First_CMAKE_PRJ/Soft_Timer01/Middlewares/Third_Party/FreeRTOS/Source/portable/MemMang/heap_4.c.obj
                0x08002a80                pvPortMalloc
 .text.vPortFree
                0x08002bf8       0xb4 CMakeFiles/Example_02.out.dir/C_/embedded/STM32_Workspace/First_CMAKE_PRJ/Soft_Timer01/Middlewares/Third_Party/FreeRTOS/Source/portable/MemMang/heap_4.c.obj
                0x08002bf8                vPortFree
 .text.prvHeapInit
                0x08002cac       0xb8 CMakeFiles/Example_02.out.dir/C_/embedded/STM32_Workspace/First_CMAKE_PRJ/Soft_Timer01/Middlewares/Third_Party/FreeRTOS/Source/portable/MemMang/heap_4.c.obj
 .text.prvInsertBlockIntoFreeList
                0x08002d64       0xb4 CMakeFiles/Example_02.out.dir/C_/embedded/STM32_Workspace/First_CMAKE_PRJ/Soft_Timer01/Middlewares/Third_Party/FreeRTOS/Source/portable/MemMang/heap_4.c.obj
 .text.pxPortInitialiseStack
                0x08002e18       0x68 CMakeFiles/Example_02.out.dir/C_/embedded/STM32_Workspace/First_CMAKE_PRJ/Soft_Timer01/Middlewares/Third_Party/FreeRTOS/Source/portable/GCC/ARM_CM4F/port.c.obj
                0x08002e18                pxPortInitialiseStack
 .text.prvTaskExitError
                0x08002e80       0x5c CMakeFiles/Example_02.out.dir/C_/embedded/STM32_Workspace/First_CMAKE_PRJ/Soft_Timer01/Middlewares/Third_Party/FreeRTOS/Source/portable/GCC/ARM_CM4F/port.c.obj
 *fill*         0x08002edc        0x4 
 .text.SVC_Handler
                0x08002ee0       0x28 CMakeFiles/Example_02.out.dir/C_/embedded/STM32_Workspace/First_CMAKE_PRJ/Soft_Timer01/Middlewares/Third_Party/FreeRTOS/Source/portable/GCC/ARM_CM4F/port.c.obj
                0x08002ee0                SVC_Handler
 .text.prvPortStartFirstTask
                0x08002f08       0x2c CMakeFiles/Example_02.out.dir/C_/embedded/STM32_Workspace/First_CMAKE_PRJ/Soft_Timer01/Middlewares/Third_Party/FreeRTOS/Source/portable/GCC/ARM_CM4F/port.c.obj
 .text.xPortStartScheduler
                0x08002f34      0x148 CMakeFiles/Example_02.out.dir/C_/embedded/STM32_Workspace/First_CMAKE_PRJ/Soft_Timer01/Middlewares/Third_Party/FreeRTOS/Source/portable/GCC/ARM_CM4F/port.c.obj
                0x08002f34                xPortStartScheduler
 .text.vInitPrioGroupValue
                0x0800307c      0x100 CMakeFiles/Example_02.out.dir/C_/embedded/STM32_Workspace/First_CMAKE_PRJ/Soft_Timer01/Middlewares/Third_Party/FreeRTOS/Source/portable/GCC/ARM_CM4F/port.c.obj
                0x0800307c                vInitPrioGroupValue
 .text.vPortEnterCritical
                0x0800317c       0x64 CMakeFiles/Example_02.out.dir/C_/embedded/STM32_Workspace/First_CMAKE_PRJ/Soft_Timer01/Middlewares/Third_Party/FreeRTOS/Source/portable/GCC/ARM_CM4F/port.c.obj
                0x0800317c                vPortEnterCritical
 .text.vPortExitCritical
                0x080031e0       0x54 CMakeFiles/Example_02.out.dir/C_/embedded/STM32_Workspace/First_CMAKE_PRJ/Soft_Timer01/Middlewares/Third_Party/FreeRTOS/Source/portable/GCC/ARM_CM4F/port.c.obj
                0x080031e0                vPortExitCritical
 *fill*         0x08003234        0xc 
 .text.PendSV_Handler
                0x08003240       0x68 CMakeFiles/Example_02.out.dir/C_/embedded/STM32_Workspace/First_CMAKE_PRJ/Soft_Timer01/Middlewares/Third_Party/FreeRTOS/Source/portable/GCC/ARM_CM4F/port.c.obj
                0x08003240                PendSV_Handler
 .text.SysTick_Handler
                0x080032a8       0x54 CMakeFiles/Example_02.out.dir/C_/embedded/STM32_Workspace/First_CMAKE_PRJ/Soft_Timer01/Middlewares/Third_Party/FreeRTOS/Source/portable/GCC/ARM_CM4F/port.c.obj
                0x080032a8                SysTick_Handler
 .text.vPortSetupTimerInterrupt
                0x080032fc       0x48 CMakeFiles/Example_02.out.dir/C_/embedded/STM32_Workspace/First_CMAKE_PRJ/Soft_Timer01/Middlewares/Third_Party/FreeRTOS/Source/portable/GCC/ARM_CM4F/port.c.obj
                0x080032fc                vPortSetupTimerInterrupt
 .text.vPortEnableVFP
                0x08003344       0x18 CMakeFiles/Example_02.out.dir/C_/embedded/STM32_Workspace/First_CMAKE_PRJ/Soft_Timer01/Middlewares/Third_Party/FreeRTOS/Source/portable/GCC/ARM_CM4F/port.c.obj
 .text.vPortValidateInterruptPriority
                0x0800335c       0x84 CMakeFiles/Example_02.out.dir/C_/embedded/STM32_Workspace/First_CMAKE_PRJ/Soft_Timer01/Middlewares/Third_Party/FreeRTOS/Source/portable/GCC/ARM_CM4F/port.c.obj
                0x0800335c                vPortValidateInterruptPriority
 .text._cbSendSystemDesc
                0x080033e0       0x1c CMakeFiles/Example_02.out.dir/C_/embedded/STM32_Workspace/First_CMAKE_PRJ/Soft_Timer01/Middlewares/Third_Party/SEGGER/Config/SEGGER_SYSVIEW_Config_FreeRTOS.c.obj
 .text.SEGGER_SYSVIEW_Conf
                0x080033fc       0x2c CMakeFiles/Example_02.out.dir/C_/embedded/STM32_Workspace/First_CMAKE_PRJ/Soft_Timer01/Middlewares/Third_Party/SEGGER/Config/SEGGER_SYSVIEW_Config_FreeRTOS.c.obj
                0x080033fc                SEGGER_SYSVIEW_Conf
 .text._cbSendTaskList
                0x08003428       0x90 CMakeFiles/Example_02.out.dir/C_/embedded/STM32_Workspace/First_CMAKE_PRJ/Soft_Timer01/Middlewares/Third_Party/SEGGER/OS/SEGGER_SYSVIEW_FreeRTOS.c.obj
 .text._cbGetTime
                0x080034b8       0x86 CMakeFiles/Example_02.out.dir/C_/embedded/STM32_Workspace/First_CMAKE_PRJ/Soft_Timer01/Middlewares/Third_Party/SEGGER/OS/SEGGER_SYSVIEW_FreeRTOS.c.obj
 *fill*         0x0800353e        0x2 
 .text.SYSVIEW_AddTask
                0x08003540       0xd0 CMakeFiles/Example_02.out.dir/C_/embedded/STM32_Workspace/First_CMAKE_PRJ/Soft_Timer01/Middlewares/Third_Party/SEGGER/OS/SEGGER_SYSVIEW_FreeRTOS.c.obj
                0x08003540                SYSVIEW_AddTask
 .text.SYSVIEW_SendTaskInfo
                0x08003610       0x42 CMakeFiles/Example_02.out.dir/C_/embedded/STM32_Workspace/First_CMAKE_PRJ/Soft_Timer01/Middlewares/Third_Party/SEGGER/OS/SEGGER_SYSVIEW_FreeRTOS.c.obj
                0x08003610                SYSVIEW_SendTaskInfo
 *fill*         0x08003652        0x2 
 .text.__NVIC_EnableIRQ
                0x08003654       0x3c CMakeFiles/Example_02.out.dir/C_/embedded/STM32_Workspace/First_CMAKE_PRJ/Soft_Timer01/Middlewares/Third_Party/SEGGER/Rec/segger_uart.c.obj
 .text.__NVIC_SetPriority
                0x08003690       0x54 CMakeFiles/Example_02.out.dir/C_/embedded/STM32_Workspace/First_CMAKE_PRJ/Soft_Timer01/Middlewares/Third_Party/SEGGER/Rec/segger_uart.c.obj
 .text._StartSysView
                0x080036e4       0x1e CMakeFiles/Example_02.out.dir/C_/embedded/STM32_Workspace/First_CMAKE_PRJ/Soft_Timer01/Middlewares/Third_Party/SEGGER/Rec/segger_uart.c.obj
 *fill*         0x08003702        0x2 
 .text._cbOnUARTRx
                0x08003704       0x40 CMakeFiles/Example_02.out.dir/C_/embedded/STM32_Workspace/First_CMAKE_PRJ/Soft_Timer01/Middlewares/Third_Party/SEGGER/Rec/segger_uart.c.obj
 .text._cbOnUARTTx
                0x08003744       0x64 CMakeFiles/Example_02.out.dir/C_/embedded/STM32_Workspace/First_CMAKE_PRJ/Soft_Timer01/Middlewares/Third_Party/SEGGER/Rec/segger_uart.c.obj
 .text.SEGGER_UART_init
                0x080037a8       0x24 CMakeFiles/Example_02.out.dir/C_/embedded/STM32_Workspace/First_CMAKE_PRJ/Soft_Timer01/Middlewares/Third_Party/SEGGER/Rec/segger_uart.c.obj
                0x080037a8                SEGGER_UART_init
 .text.USART2_IRQHandler
                0x080037cc       0x94 CMakeFiles/Example_02.out.dir/C_/embedded/STM32_Workspace/First_CMAKE_PRJ/Soft_Timer01/Middlewares/Third_Party/SEGGER/Rec/segger_uart.c.obj
                0x080037cc                USART2_IRQHandler
 .text.HIF_UART_EnableTXEInterrupt
                0x08003860       0x20 CMakeFiles/Example_02.out.dir/C_/embedded/STM32_Workspace/First_CMAKE_PRJ/Soft_Timer01/Middlewares/Third_Party/SEGGER/Rec/segger_uart.c.obj
                0x08003860                HIF_UART_EnableTXEInterrupt
 .text.HIF_UART_Init
                0x08003880       0xf4 CMakeFiles/Example_02.out.dir/C_/embedded/STM32_Workspace/First_CMAKE_PRJ/Soft_Timer01/Middlewares/Third_Party/SEGGER/Rec/segger_uart.c.obj
                0x08003880                HIF_UART_Init
 .text._DoInit  0x08003974       0xb4 CMakeFiles/Example_02.out.dir/C_/embedded/STM32_Workspace/First_CMAKE_PRJ/Soft_Timer01/Middlewares/Third_Party/SEGGER/SEGGER/SEGGER_RTT.c.obj
 .text._WriteBlocking
                0x08003a28       0xba CMakeFiles/Example_02.out.dir/C_/embedded/STM32_Workspace/First_CMAKE_PRJ/Soft_Timer01/Middlewares/Third_Party/SEGGER/SEGGER/SEGGER_RTT.c.obj
 .text._WriteNoCheck
                0x08003ae2       0x90 CMakeFiles/Example_02.out.dir/C_/embedded/STM32_Workspace/First_CMAKE_PRJ/Soft_Timer01/Middlewares/Third_Party/SEGGER/SEGGER/SEGGER_RTT.c.obj
 .text._GetAvailWriteSpace
                0x08003b72       0x46 CMakeFiles/Example_02.out.dir/C_/embedded/STM32_Workspace/First_CMAKE_PRJ/Soft_Timer01/Middlewares/Third_Party/SEGGER/SEGGER/SEGGER_RTT.c.obj
 .text.SEGGER_RTT_ReadUpBufferNoLock
                0x08003bb8      0x10c CMakeFiles/Example_02.out.dir/C_/embedded/STM32_Workspace/First_CMAKE_PRJ/Soft_Timer01/Middlewares/Third_Party/SEGGER/SEGGER/SEGGER_RTT.c.obj
                0x08003bb8                SEGGER_RTT_ReadUpBufferNoLock
 .text.SEGGER_RTT_ReadNoLock
                0x08003cc4      0x10c CMakeFiles/Example_02.out.dir/C_/embedded/STM32_Workspace/First_CMAKE_PRJ/Soft_Timer01/Middlewares/Third_Party/SEGGER/SEGGER/SEGGER_RTT.c.obj
                0x08003cc4                SEGGER_RTT_ReadNoLock
 .text.SEGGER_RTT_WriteDownBufferNoLock
                0x08003dd0       0xa0 CMakeFiles/Example_02.out.dir/C_/embedded/STM32_Workspace/First_CMAKE_PRJ/Soft_Timer01/Middlewares/Third_Party/SEGGER/SEGGER/SEGGER_RTT.c.obj
                0x08003dd0                SEGGER_RTT_WriteDownBufferNoLock
 .text.SEGGER_RTT_WriteDownBuffer
                0x08003e70       0x4c CMakeFiles/Example_02.out.dir/C_/embedded/STM32_Workspace/First_CMAKE_PRJ/Soft_Timer01/Middlewares/Third_Party/SEGGER/SEGGER/SEGGER_RTT.c.obj
                0x08003e70                SEGGER_RTT_WriteDownBuffer
 .text.SEGGER_RTT_AllocUpBuffer
                0x08003ebc      0x108 CMakeFiles/Example_02.out.dir/C_/embedded/STM32_Workspace/First_CMAKE_PRJ/Soft_Timer01/Middlewares/Third_Party/SEGGER/SEGGER/SEGGER_RTT.c.obj
                0x08003ebc                SEGGER_RTT_AllocUpBuffer
 .text.SEGGER_RTT_ConfigDownBuffer
                0x08003fc4       0x98 CMakeFiles/Example_02.out.dir/C_/embedded/STM32_Workspace/First_CMAKE_PRJ/Soft_Timer01/Middlewares/Third_Party/SEGGER/SEGGER/SEGGER_RTT.c.obj
                0x08003fc4                SEGGER_RTT_ConfigDownBuffer
 .text._EncodeStr
                0x0800405c       0x72 CMakeFiles/Example_02.out.dir/C_/embedded/STM32_Workspace/First_CMAKE_PRJ/Soft_Timer01/Middlewares/Third_Party/SEGGER/SEGGER/SEGGER_SYSVIEW.c.obj
 .text._PreparePacket
                0x080040ce       0x18 CMakeFiles/Example_02.out.dir/C_/embedded/STM32_Workspace/First_CMAKE_PRJ/Soft_Timer01/Middlewares/Third_Party/SEGGER/SEGGER/SEGGER_SYSVIEW.c.obj
 *fill*         0x080040e6        0x2 
 .text._HandleIncomingPacket
                0x080040e8       0xdc CMakeFiles/Example_02.out.dir/C_/embedded/STM32_Workspace/First_CMAKE_PRJ/Soft_Timer01/Middlewares/Third_Party/SEGGER/SEGGER/SEGGER_SYSVIEW.c.obj
 .text._TrySendOverflowPacket
                0x080041c4       0xe8 CMakeFiles/Example_02.out.dir/C_/embedded/STM32_Workspace/First_CMAKE_PRJ/Soft_Timer01/Middlewares/Third_Party/SEGGER/SEGGER/SEGGER_SYSVIEW.c.obj
 .text._SendPacket
                0x080042ac      0x2e0 CMakeFiles/Example_02.out.dir/C_/embedded/STM32_Workspace/First_CMAKE_PRJ/Soft_Timer01/Middlewares/Third_Party/SEGGER/SEGGER/SEGGER_SYSVIEW.c.obj
 .text.SEGGER_SYSVIEW_Init
                0x0800458c       0x88 CMakeFiles/Example_02.out.dir/C_/embedded/STM32_Workspace/First_CMAKE_PRJ/Soft_Timer01/Middlewares/Third_Party/SEGGER/SEGGER/SEGGER_SYSVIEW.c.obj
                0x0800458c                SEGGER_SYSVIEW_Init
 .text.SEGGER_SYSVIEW_SetRAMBase
                0x08004614       0x20 CMakeFiles/Example_02.out.dir/C_/embedded/STM32_Workspace/First_CMAKE_PRJ/Soft_Timer01/Middlewares/Third_Party/SEGGER/SEGGER/SEGGER_SYSVIEW.c.obj
                0x08004614                SEGGER_SYSVIEW_SetRAMBase
 .text.SEGGER_SYSVIEW_RecordVoid
                0x08004634       0x3c CMakeFiles/Example_02.out.dir/C_/embedded/STM32_Workspace/First_CMAKE_PRJ/Soft_Timer01/Middlewares/Third_Party/SEGGER/SEGGER/SEGGER_SYSVIEW.c.obj
                0x08004634                SEGGER_SYSVIEW_RecordVoid
 .text.SEGGER_SYSVIEW_RecordU32
                0x08004670       0x78 CMakeFiles/Example_02.out.dir/C_/embedded/STM32_Workspace/First_CMAKE_PRJ/Soft_Timer01/Middlewares/Third_Party/SEGGER/SEGGER/SEGGER_SYSVIEW.c.obj
                0x08004670                SEGGER_SYSVIEW_RecordU32
 .text.SEGGER_SYSVIEW_RecordU32x2
                0x080046e8       0xb4 CMakeFiles/Example_02.out.dir/C_/embedded/STM32_Workspace/First_CMAKE_PRJ/Soft_Timer01/Middlewares/Third_Party/SEGGER/SEGGER/SEGGER_SYSVIEW.c.obj
                0x080046e8                SEGGER_SYSVIEW_RecordU32x2
 .text.SEGGER_SYSVIEW_RecordU32x3
                0x0800479c       0xec CMakeFiles/Example_02.out.dir/C_/embedded/STM32_Workspace/First_CMAKE_PRJ/Soft_Timer01/Middlewares/Third_Party/SEGGER/SEGGER/SEGGER_SYSVIEW.c.obj
                0x0800479c                SEGGER_SYSVIEW_RecordU32x3
 .text.SEGGER_SYSVIEW_RecordU32x4
                0x08004888      0x124 CMakeFiles/Example_02.out.dir/C_/embedded/STM32_Workspace/First_CMAKE_PRJ/Soft_Timer01/Middlewares/Third_Party/SEGGER/SEGGER/SEGGER_SYSVIEW.c.obj
                0x08004888                SEGGER_SYSVIEW_RecordU32x4
 .text.SEGGER_SYSVIEW_Start
                0x080049ac      0x178 CMakeFiles/Example_02.out.dir/C_/embedded/STM32_Workspace/First_CMAKE_PRJ/Soft_Timer01/Middlewares/Third_Party/SEGGER/SEGGER/SEGGER_SYSVIEW.c.obj
                0x080049ac                SEGGER_SYSVIEW_Start
 .text.SEGGER_SYSVIEW_Stop
                0x08004b24       0x4c CMakeFiles/Example_02.out.dir/C_/embedded/STM32_Workspace/First_CMAKE_PRJ/Soft_Timer01/Middlewares/Third_Party/SEGGER/SEGGER/SEGGER_SYSVIEW.c.obj
                0x08004b24                SEGGER_SYSVIEW_Stop
 .text.SEGGER_SYSVIEW_GetSysDesc
                0x08004b70      0x134 CMakeFiles/Example_02.out.dir/C_/embedded/STM32_Workspace/First_CMAKE_PRJ/Soft_Timer01/Middlewares/Third_Party/SEGGER/SEGGER/SEGGER_SYSVIEW.c.obj
                0x08004b70                SEGGER_SYSVIEW_GetSysDesc
 .text.SEGGER_SYSVIEW_SendTaskInfo
                0x08004ca4      0x1c8 CMakeFiles/Example_02.out.dir/C_/embedded/STM32_Workspace/First_CMAKE_PRJ/Soft_Timer01/Middlewares/Third_Party/SEGGER/SEGGER/SEGGER_SYSVIEW.c.obj
                0x08004ca4                SEGGER_SYSVIEW_SendTaskInfo
 .text.SEGGER_SYSVIEW_SendTaskList
                0x08004e6c       0x28 CMakeFiles/Example_02.out.dir/C_/embedded/STM32_Workspace/First_CMAKE_PRJ/Soft_Timer01/Middlewares/Third_Party/SEGGER/SEGGER/SEGGER_SYSVIEW.c.obj
                0x08004e6c                SEGGER_SYSVIEW_SendTaskList
 .text.SEGGER_SYSVIEW_SendSysDesc
                0x08004e94       0x48 CMakeFiles/Example_02.out.dir/C_/embedded/STM32_Workspace/First_CMAKE_PRJ/Soft_Timer01/Middlewares/Third_Party/SEGGER/SEGGER/SEGGER_SYSVIEW.c.obj
                0x08004e94                SEGGER_SYSVIEW_SendSysDesc
 .text.SEGGER_SYSVIEW_RecordSystime
                0x08004edc       0x64 CMakeFiles/Example_02.out.dir/C_/embedded/STM32_Workspace/First_CMAKE_PRJ/Soft_Timer01/Middlewares/Third_Party/SEGGER/SEGGER/SEGGER_SYSVIEW.c.obj
                0x08004edc                SEGGER_SYSVIEW_RecordSystime
 .text.SEGGER_SYSVIEW_RecordEnterISR
                0x08004f40       0x84 CMakeFiles/Example_02.out.dir/C_/embedded/STM32_Workspace/First_CMAKE_PRJ/Soft_Timer01/Middlewares/Third_Party/SEGGER/SEGGER/SEGGER_SYSVIEW.c.obj
                0x08004f40                SEGGER_SYSVIEW_RecordEnterISR
 .text.SEGGER_SYSVIEW_RecordExitISR
                0x08004fc4       0x38 CMakeFiles/Example_02.out.dir/C_/embedded/STM32_Workspace/First_CMAKE_PRJ/Soft_Timer01/Middlewares/Third_Party/SEGGER/SEGGER/SEGGER_SYSVIEW.c.obj
                0x08004fc4                SEGGER_SYSVIEW_RecordExitISR
 .text.SEGGER_SYSVIEW_RecordExitISRToScheduler
                0x08004ffc       0x38 CMakeFiles/Example_02.out.dir/C_/embedded/STM32_Workspace/First_CMAKE_PRJ/Soft_Timer01/Middlewares/Third_Party/SEGGER/SEGGER/SEGGER_SYSVIEW.c.obj
                0x08004ffc                SEGGER_SYSVIEW_RecordExitISRToScheduler
 .text.SEGGER_SYSVIEW_OnIdle
                0x08005034       0x38 CMakeFiles/Example_02.out.dir/C_/embedded/STM32_Workspace/First_CMAKE_PRJ/Soft_Timer01/Middlewares/Third_Party/SEGGER/SEGGER/SEGGER_SYSVIEW.c.obj
                0x08005034                SEGGER_SYSVIEW_OnIdle
 .text.SEGGER_SYSVIEW_OnTaskCreate
                0x0800506c       0x84 CMakeFiles/Example_02.out.dir/C_/embedded/STM32_Workspace/First_CMAKE_PRJ/Soft_Timer01/Middlewares/Third_Party/SEGGER/SEGGER/SEGGER_SYSVIEW.c.obj
                0x0800506c                SEGGER_SYSVIEW_OnTaskCreate
 .text.SEGGER_SYSVIEW_OnTaskStartExec
                0x080050f0       0x84 CMakeFiles/Example_02.out.dir/C_/embedded/STM32_Workspace/First_CMAKE_PRJ/Soft_Timer01/Middlewares/Third_Party/SEGGER/SEGGER/SEGGER_SYSVIEW.c.obj
                0x080050f0                SEGGER_SYSVIEW_OnTaskStartExec
 .text.SEGGER_SYSVIEW_OnTaskStartReady
                0x08005174       0x84 CMakeFiles/Example_02.out.dir/C_/embedded/STM32_Workspace/First_CMAKE_PRJ/Soft_Timer01/Middlewares/Third_Party/SEGGER/SEGGER/SEGGER_SYSVIEW.c.obj
                0x08005174                SEGGER_SYSVIEW_OnTaskStartReady
 .text.SEGGER_SYSVIEW_ShrinkId
                0x080051f8       0x20 CMakeFiles/Example_02.out.dir/C_/embedded/STM32_Workspace/First_CMAKE_PRJ/Soft_Timer01/Middlewares/Third_Party/SEGGER/SEGGER/SEGGER_SYSVIEW.c.obj
                0x080051f8                SEGGER_SYSVIEW_ShrinkId
 .text.SEGGER_SYSVIEW_SendModule
                0x08005218      0x114 CMakeFiles/Example_02.out.dir/C_/embedded/STM32_Workspace/First_CMAKE_PRJ/Soft_Timer01/Middlewares/Third_Party/SEGGER/SEGGER/SEGGER_SYSVIEW.c.obj
                0x08005218                SEGGER_SYSVIEW_SendModule
 .text.SEGGER_SYSVIEW_SendModuleDescription
                0x0800532c       0x3c CMakeFiles/Example_02.out.dir/C_/embedded/STM32_Workspace/First_CMAKE_PRJ/Soft_Timer01/Middlewares/Third_Party/SEGGER/SEGGER/SEGGER_SYSVIEW.c.obj
                0x0800532c                SEGGER_SYSVIEW_SendModuleDescription
 .text.SEGGER_SYSVIEW_SendNumModules
                0x08005368       0x7c CMakeFiles/Example_02.out.dir/C_/embedded/STM32_Workspace/First_CMAKE_PRJ/Soft_Timer01/Middlewares/Third_Party/SEGGER/SEGGER/SEGGER_SYSVIEW.c.obj
                0x08005368                SEGGER_SYSVIEW_SendNumModules
 .text.SEGGER_SYSVIEW_Warn
                0x080053e4       0xb8 CMakeFiles/Example_02.out.dir/C_/embedded/STM32_Workspace/First_CMAKE_PRJ/Soft_Timer01/Middlewares/Third_Party/SEGGER/SEGGER/SEGGER_SYSVIEW.c.obj
                0x080053e4                SEGGER_SYSVIEW_Warn
 .text.SEGGER_SYSVIEW_IsStarted
                0x0800549c       0x5c CMakeFiles/Example_02.out.dir/C_/embedded/STM32_Workspace/First_CMAKE_PRJ/Soft_Timer01/Middlewares/Third_Party/SEGGER/SEGGER/SEGGER_SYSVIEW.c.obj
                0x0800549c                SEGGER_SYSVIEW_IsStarted
 .text.HAL_TIM_Base_Init
                0x080054f8       0x9e CMakeFiles/Example_02.out.dir/C_/embedded/STM32_Workspace/First_CMAKE_PRJ/Soft_Timer01/Drivers/STM32F4xx_HAL_Driver/Src/stm32f4xx_hal_tim.c.obj
                0x080054f8                HAL_TIM_Base_Init
 .text.HAL_TIM_Base_MspInit
                0x08005596       0x14 CMakeFiles/Example_02.out.dir/C_/embedded/STM32_Workspace/First_CMAKE_PRJ/Soft_Timer01/Drivers/STM32F4xx_HAL_Driver/Src/stm32f4xx_hal_tim.c.obj
                0x08005596                HAL_TIM_Base_MspInit
 *fill*         0x080055aa        0x2 
 .text.HAL_TIM_Base_Start_IT
                0x080055ac       0xe0 CMakeFiles/Example_02.out.dir/C_/embedded/STM32_Workspace/First_CMAKE_PRJ/Soft_Timer01/Drivers/STM32F4xx_HAL_Driver/Src/stm32f4xx_hal_tim.c.obj
                0x080055ac                HAL_TIM_Base_Start_IT
 .text.HAL_TIM_IRQHandler
                0x0800568c      0x1e0 CMakeFiles/Example_02.out.dir/C_/embedded/STM32_Workspace/First_CMAKE_PRJ/Soft_Timer01/Drivers/STM32F4xx_HAL_Driver/Src/stm32f4xx_hal_tim.c.obj
                0x0800568c                HAL_TIM_IRQHandler
 .text.HAL_TIM_OC_DelayElapsedCallback
                0x0800586c       0x14 CMakeFiles/Example_02.out.dir/C_/embedded/STM32_Workspace/First_CMAKE_PRJ/Soft_Timer01/Drivers/STM32F4xx_HAL_Driver/Src/stm32f4xx_hal_tim.c.obj
                0x0800586c                HAL_TIM_OC_DelayElapsedCallback
 .text.HAL_TIM_IC_CaptureCallback
                0x08005880       0x14 CMakeFiles/Example_02.out.dir/C_/embedded/STM32_Workspace/First_CMAKE_PRJ/Soft_Timer01/Drivers/STM32F4xx_HAL_Driver/Src/stm32f4xx_hal_tim.c.obj
                0x08005880                HAL_TIM_IC_CaptureCallback
 .text.HAL_TIM_PWM_PulseFinishedCallback
                0x08005894       0x14 CMakeFiles/Example_02.out.dir/C_/embedded/STM32_Workspace/First_CMAKE_PRJ/Soft_Timer01/Drivers/STM32F4xx_HAL_Driver/Src/stm32f4xx_hal_tim.c.obj
                0x08005894                HAL_TIM_PWM_PulseFinishedCallback
 .text.HAL_TIM_TriggerCallback
                0x080058a8       0x14 CMakeFiles/Example_02.out.dir/C_/embedded/STM32_Workspace/First_CMAKE_PRJ/Soft_Timer01/Drivers/STM32F4xx_HAL_Driver/Src/stm32f4xx_hal_tim.c.obj
                0x080058a8                HAL_TIM_TriggerCallback
 .text.TIM_Base_SetConfig
                0x080058bc      0x158 CMakeFiles/Example_02.out.dir/C_/embedded/STM32_Workspace/First_CMAKE_PRJ/Soft_Timer01/Drivers/STM32F4xx_HAL_Driver/Src/stm32f4xx_hal_tim.c.obj
                0x080058bc                TIM_Base_SetConfig
 .text.HAL_TIMEx_CommutCallback
                0x08005a14       0x14 CMakeFiles/Example_02.out.dir/C_/embedded/STM32_Workspace/First_CMAKE_PRJ/Soft_Timer01/Drivers/STM32F4xx_HAL_Driver/Src/stm32f4xx_hal_tim_ex.c.obj
                0x08005a14                HAL_TIMEx_CommutCallback
 .text.HAL_TIMEx_BreakCallback
                0x08005a28       0x14 CMakeFiles/Example_02.out.dir/C_/embedded/STM32_Workspace/First_CMAKE_PRJ/Soft_Timer01/Drivers/STM32F4xx_HAL_Driver/Src/stm32f4xx_hal_tim_ex.c.obj
                0x08005a28                HAL_TIMEx_BreakCallback
 .text.HAL_RCC_ClockConfig
                0x08005a3c      0x1cc CMakeFiles/Example_02.out.dir/C_/embedded/STM32_Workspace/First_CMAKE_PRJ/Soft_Timer01/Drivers/STM32F4xx_HAL_Driver/Src/stm32f4xx_hal_rcc.c.obj
                0x08005a3c                HAL_RCC_ClockConfig
 .text.HAL_RCC_GetSysClockFreq
                0x08005c08      0x20c CMakeFiles/Example_02.out.dir/C_/embedded/STM32_Workspace/First_CMAKE_PRJ/Soft_Timer01/Drivers/STM32F4xx_HAL_Driver/Src/stm32f4xx_hal_rcc.c.obj
                0x08005c08                HAL_RCC_GetSysClockFreq
 .text.HAL_RCC_GetHCLKFreq
                0x08005e14       0x18 CMakeFiles/Example_02.out.dir/C_/embedded/STM32_Workspace/First_CMAKE_PRJ/Soft_Timer01/Drivers/STM32F4xx_HAL_Driver/Src/stm32f4xx_hal_rcc.c.obj
                0x08005e14                HAL_RCC_GetHCLKFreq
 .text.HAL_RCC_GetPCLK2Freq
                0x08005e2c       0x28 CMakeFiles/Example_02.out.dir/C_/embedded/STM32_Workspace/First_CMAKE_PRJ/Soft_Timer01/Drivers/STM32F4xx_HAL_Driver/Src/stm32f4xx_hal_rcc.c.obj
                0x08005e2c                HAL_RCC_GetPCLK2Freq
 .text.HAL_RCC_GetClockConfig
                0x08005e54       0x64 CMakeFiles/Example_02.out.dir/C_/embedded/STM32_Workspace/First_CMAKE_PRJ/Soft_Timer01/Drivers/STM32F4xx_HAL_Driver/Src/stm32f4xx_hal_rcc.c.obj
                0x08005e54                HAL_RCC_GetClockConfig
 .text.HAL_RCC_OscConfig
                0x08005eb8      0x508 CMakeFiles/Example_02.out.dir/C_/embedded/STM32_Workspace/First_CMAKE_PRJ/Soft_Timer01/Drivers/STM32F4xx_HAL_Driver/Src/stm32f4xx_hal_rcc_ex.c.obj
                0x08005eb8                HAL_RCC_OscConfig
 .text.HAL_GPIO_Init
                0x080063c0      0x328 CMakeFiles/Example_02.out.dir/C_/embedded/STM32_Workspace/First_CMAKE_PRJ/Soft_Timer01/Drivers/STM32F4xx_HAL_Driver/Src/stm32f4xx_hal_gpio.c.obj
                0x080063c0                HAL_GPIO_Init
 .text.HAL_GPIO_WritePin
                0x080066e8       0x32 CMakeFiles/Example_02.out.dir/C_/embedded/STM32_Workspace/First_CMAKE_PRJ/Soft_Timer01/Drivers/STM32F4xx_HAL_Driver/Src/stm32f4xx_hal_gpio.c.obj
                0x080066e8                HAL_GPIO_WritePin
 .text.HAL_GPIO_TogglePin
                0x0800671a       0x34 CMakeFiles/Example_02.out.dir/C_/embedded/STM32_Workspace/First_CMAKE_PRJ/Soft_Timer01/Drivers/STM32F4xx_HAL_Driver/Src/stm32f4xx_hal_gpio.c.obj
                0x0800671a                HAL_GPIO_TogglePin
 *fill*         0x0800674e        0x2 
 .text.__NVIC_SetPriorityGrouping
                0x08006750       0x48 CMakeFiles/Example_02.out.dir/C_/embedded/STM32_Workspace/First_CMAKE_PRJ/Soft_Timer01/Drivers/STM32F4xx_HAL_Driver/Src/stm32f4xx_hal_cortex.c.obj
 .text.__NVIC_GetPriorityGrouping
                0x08006798       0x1c CMakeFiles/Example_02.out.dir/C_/embedded/STM32_Workspace/First_CMAKE_PRJ/Soft_Timer01/Drivers/STM32F4xx_HAL_Driver/Src/stm32f4xx_hal_cortex.c.obj
 .text.__NVIC_EnableIRQ
                0x080067b4       0x3c CMakeFiles/Example_02.out.dir/C_/embedded/STM32_Workspace/First_CMAKE_PRJ/Soft_Timer01/Drivers/STM32F4xx_HAL_Driver/Src/stm32f4xx_hal_cortex.c.obj
 .text.__NVIC_SetPriority
                0x080067f0       0x54 CMakeFiles/Example_02.out.dir/C_/embedded/STM32_Workspace/First_CMAKE_PRJ/Soft_Timer01/Drivers/STM32F4xx_HAL_Driver/Src/stm32f4xx_hal_cortex.c.obj
 .text.NVIC_EncodePriority
                0x08006844       0x66 CMakeFiles/Example_02.out.dir/C_/embedded/STM32_Workspace/First_CMAKE_PRJ/Soft_Timer01/Drivers/STM32F4xx_HAL_Driver/Src/stm32f4xx_hal_cortex.c.obj
 .text.HAL_NVIC_SetPriorityGrouping
                0x080068aa       0x16 CMakeFiles/Example_02.out.dir/C_/embedded/STM32_Workspace/First_CMAKE_PRJ/Soft_Timer01/Drivers/STM32F4xx_HAL_Driver/Src/stm32f4xx_hal_cortex.c.obj
                0x080068aa                HAL_NVIC_SetPriorityGrouping
 .text.HAL_NVIC_SetPriority
                0x080068c0       0x38 CMakeFiles/Example_02.out.dir/C_/embedded/STM32_Workspace/First_CMAKE_PRJ/Soft_Timer01/Drivers/STM32F4xx_HAL_Driver/Src/stm32f4xx_hal_cortex.c.obj
                0x080068c0                HAL_NVIC_SetPriority
 .text.HAL_NVIC_EnableIRQ
                0x080068f8       0x1c CMakeFiles/Example_02.out.dir/C_/embedded/STM32_Workspace/First_CMAKE_PRJ/Soft_Timer01/Drivers/STM32F4xx_HAL_Driver/Src/stm32f4xx_hal_cortex.c.obj
                0x080068f8                HAL_NVIC_EnableIRQ
 .text.HAL_Init
                0x08006914       0x44 CMakeFiles/Example_02.out.dir/C_/embedded/STM32_Workspace/First_CMAKE_PRJ/Soft_Timer01/Drivers/STM32F4xx_HAL_Driver/Src/stm32f4xx_hal.c.obj
                0x08006914                HAL_Init
 .text.HAL_IncTick
                0x08006958       0x28 CMakeFiles/Example_02.out.dir/C_/embedded/STM32_Workspace/First_CMAKE_PRJ/Soft_Timer01/Drivers/STM32F4xx_HAL_Driver/Src/stm32f4xx_hal.c.obj
                0x08006958                HAL_IncTick
 .text.HAL_GetTick
                0x08006980       0x18 CMakeFiles/Example_02.out.dir/C_/embedded/STM32_Workspace/First_CMAKE_PRJ/Soft_Timer01/Drivers/STM32F4xx_HAL_Driver/Src/stm32f4xx_hal.c.obj
                0x08006980                HAL_GetTick
 .text.HAL_MspInit
                0x08006998       0x50 CMakeFiles/Example_02.out.dir/C_/embedded/STM32_Workspace/First_CMAKE_PRJ/Soft_Timer01/Src/stm32f4xx_hal_msp.c.obj
                0x08006998                HAL_MspInit
 .text.NMI_Handler
                0x080069e8        0x8 CMakeFiles/Example_02.out.dir/C_/embedded/STM32_Workspace/First_CMAKE_PRJ/Soft_Timer01/Src/stm32f4xx_it.c.obj
                0x080069e8                NMI_Handler
 .text.HardFault_Handler
                0x080069f0        0x8 CMakeFiles/Example_02.out.dir/C_/embedded/STM32_Workspace/First_CMAKE_PRJ/Soft_Timer01/Src/stm32f4xx_it.c.obj
                0x080069f0                HardFault_Handler
 .text.MemManage_Handler
                0x080069f8        0x8 CMakeFiles/Example_02.out.dir/C_/embedded/STM32_Workspace/First_CMAKE_PRJ/Soft_Timer01/Src/stm32f4xx_it.c.obj
                0x080069f8                MemManage_Handler
 .text.BusFault_Handler
                0x08006a00        0x8 CMakeFiles/Example_02.out.dir/C_/embedded/STM32_Workspace/First_CMAKE_PRJ/Soft_Timer01/Src/stm32f4xx_it.c.obj
                0x08006a00                BusFault_Handler
 .text.UsageFault_Handler
                0x08006a08        0x8 CMakeFiles/Example_02.out.dir/C_/embedded/STM32_Workspace/First_CMAKE_PRJ/Soft_Timer01/Src/stm32f4xx_it.c.obj
                0x08006a08                UsageFault_Handler
 .text.DebugMon_Handler
                0x08006a10        0xe CMakeFiles/Example_02.out.dir/C_/embedded/STM32_Workspace/First_CMAKE_PRJ/Soft_Timer01/Src/stm32f4xx_it.c.obj
                0x08006a10                DebugMon_Handler
 *fill*         0x08006a1e        0x2 
 .text.TIM1_UP_TIM10_IRQHandler
                0x08006a20       0x14 CMakeFiles/Example_02.out.dir/C_/embedded/STM32_Workspace/First_CMAKE_PRJ/Soft_Timer01/Src/stm32f4xx_it.c.obj
                0x08006a20                TIM1_UP_TIM10_IRQHandler
 .text.SystemInit
                0x08006a34       0x24 CMakeFiles/Example_02.out.dir/C_/embedded/STM32_Workspace/First_CMAKE_PRJ/Soft_Timer01/Src/system_stm32f4xx.c.obj
                0x08006a34                SystemInit
 .text.HAL_InitTick
                0x08006a58       0xe4 CMakeFiles/Example_02.out.dir/C_/embedded/STM32_Workspace/First_CMAKE_PRJ/Soft_Timer01/Src/stm32f4xx_hal_timebase_tim.c.obj
                0x08006a58                HAL_InitTick
 .text.Reset_Handler
                0x08006b3c       0x50 CMakeFiles/Example_02.out.dir/C_/embedded/STM32_Workspace/First_CMAKE_PRJ/Soft_Timer01/startup_stm32f411xe.s.obj
                0x08006b3c                Reset_Handler
 .text.Default_Handler
                0x08006b8c        0x2 CMakeFiles/Example_02.out.dir/C_/embedded/STM32_Workspace/First_CMAKE_PRJ/Soft_Timer01/startup_stm32f411xe.s.obj
                0x08006b8c                RTC_Alarm_IRQHandler
                0x08006b8c                EXTI2_IRQHandler
                0x08006b8c                SPI4_IRQHandler
                0x08006b8c                TIM1_CC_IRQHandler
                0x08006b8c                DMA2_Stream5_IRQHandler
                0x08006b8c                DMA1_Stream5_IRQHandler
                0x08006b8c                PVD_IRQHandler
                0x08006b8c                SDIO_IRQHandler
                0x08006b8c                TAMP_STAMP_IRQHandler
                0x08006b8c                EXTI3_IRQHandler
                0x08006b8c                I2C3_ER_IRQHandler
                0x08006b8c                EXTI0_IRQHandler
                0x08006b8c                I2C2_EV_IRQHandler
                0x08006b8c                DMA1_Stream2_IRQHandler
                0x08006b8c                FPU_IRQHandler
                0x08006b8c                DMA2_Stream2_IRQHandler
                0x08006b8c                SPI1_IRQHandler
                0x08006b8c                TIM1_BRK_TIM9_IRQHandler
                0x08006b8c                DMA2_Stream3_IRQHandler
                0x08006b8c                USART6_IRQHandler
                0x08006b8c                DMA2_Stream0_IRQHandler
                0x08006b8c                TIM4_IRQHandler
                0x08006b8c                I2C1_EV_IRQHandler
                0x08006b8c                DMA1_Stream6_IRQHandler
                0x08006b8c                DMA1_Stream1_IRQHandler
                0x08006b8c                TIM3_IRQHandler
                0x08006b8c                RCC_IRQHandler
                0x08006b8c                Default_Handler
                0x08006b8c                EXTI15_10_IRQHandler
                0x08006b8c                ADC_IRQHandler
                0x08006b8c                DMA1_Stream7_IRQHandler
                0x08006b8c                SPI5_IRQHandler
                0x08006b8c                TIM5_IRQHandler
                0x08006b8c                DMA2_Stream7_IRQHandler
                0x08006b8c                I2C3_EV_IRQHandler
                0x08006b8c                EXTI9_5_IRQHandler
                0x08006b8c                RTC_WKUP_IRQHandler
                0x08006b8c                SPI2_IRQHandler
                0x08006b8c                DMA1_Stream0_IRQHandler
                0x08006b8c                EXTI4_IRQHandler
                0x08006b8c                WWDG_IRQHandler
                0x08006b8c                TIM2_IRQHandler
                0x08006b8c                OTG_FS_WKUP_IRQHandler
                0x08006b8c                TIM1_TRG_COM_TIM11_IRQHandler
                0x08006b8c                EXTI1_IRQHandler
                0x08006b8c                I2C2_ER_IRQHandler
                0x08006b8c                DMA2_Stream1_IRQHandler
                0x08006b8c                FLASH_IRQHandler
                0x08006b8c                DMA2_Stream4_IRQHandler
                0x08006b8c                USART1_IRQHandler
                0x08006b8c                OTG_FS_IRQHandler
                0x08006b8c                SPI3_IRQHandler
                0x08006b8c                DMA1_Stream4_IRQHandler
                0x08006b8c                I2C1_ER_IRQHandler
                0x08006b8c                DMA2_Stream6_IRQHandler
                0x08006b8c                DMA1_Stream3_IRQHandler
 *fill*         0x08006b8e        0x2 
 .text.__udivmoddi4
                0x08006b90      0x2f8 C:/PROGRA~2/ARMGNU~1/14EFD8~1.2RE/bin/../lib/gcc/arm-none-eabi/14.2.1/thumb/v7e-m+fp/hard\libgcc.a(_udivmoddi4.o)
                0x08006b90                __udivmoddi4
 .text.memcmp   0x08006e88       0x20 C:/PROGRA~2/ARMGNU~1/14EFD8~1.2RE/bin/../lib/gcc/arm-none-eabi/14.2.1/thumb/v7e-m+fp/hard\libc_nano.a(libc_a-memcmp.o)
                0x08006e88                memcmp
 .text.memcpy   0x08006ea8       0x1c C:/PROGRA~2/ARMGNU~1/14EFD8~1.2RE/bin/../lib/gcc/arm-none-eabi/14.2.1/thumb/v7e-m+fp/hard\libc_nano.a(libc_a-memcpy-stub.o)
                0x08006ea8                memcpy
 *(.glue_7)
 .glue_7        0x08006ec4        0x0 linker stubs
 *(.glue_7t)
 .glue_7t       0x08006ec4        0x0 linker stubs
 *(.eh_frame)
 .eh_frame      0x08006ec4        0x0 C:/PROGRA~2/ARMGNU~1/14EFD8~1.2RE/bin/../lib/gcc/arm-none-eabi/14.2.1/thumb/v7e-m+fp/hard/crtbegin.o
 *(.init)
 .init          0x08006ec4        0x4 C:/PROGRA~2/ARMGNU~1/14EFD8~1.2RE/bin/../lib/gcc/arm-none-eabi/14.2.1/thumb/v7e-m+fp/hard/crti.o
                0x08006ec4                _init
 .init          0x08006ec8        0x8 C:/PROGRA~2/ARMGNU~1/14EFD8~1.2RE/bin/../lib/gcc/arm-none-eabi/14.2.1/thumb/v7e-m+fp/hard/crtn.o
 *(.fini)
 .fini          0x08006ed0        0x4 C:/PROGRA~2/ARMGNU~1/14EFD8~1.2RE/bin/../lib/gcc/arm-none-eabi/14.2.1/thumb/v7e-m+fp/hard/crti.o
                0x08006ed0                _fini
 .fini          0x08006ed4        0x8 C:/PROGRA~2/ARMGNU~1/14EFD8~1.2RE/bin/../lib/gcc/arm-none-eabi/14.2.1/thumb/v7e-m+fp/hard/crtn.o
                0x08006edc                        . = ALIGN (0x4)
                0x08006edc                        _etext = .

.vfp11_veneer   0x08006edc        0x0
 .vfp11_veneer  0x08006edc        0x0 linker stubs

.v4_bx          0x08006edc        0x0
 .v4_bx         0x08006edc        0x0 linker stubs

.iplt           0x08006edc        0x0
 .iplt          0x08006edc        0x0 C:/PROGRA~2/ARMGNU~1/14EFD8~1.2RE/bin/../lib/gcc/arm-none-eabi/14.2.1/thumb/v7e-m+fp/hard/crtbegin.o

.rodata         0x08006edc      0x140
                0x08006edc                        . = ALIGN (0x4)
 *(.rodata)
 .rodata        0x08006edc       0x17 CMakeFiles/Example_02.out.dir/main.c.obj
 *fill*         0x08006ef3        0x1 
 .rodata        0x08006ef4        0x5 CMakeFiles/Example_02.out.dir/C_/embedded/STM32_Workspace/First_CMAKE_PRJ/Soft_Timer01/Middlewares/Third_Party/FreeRTOS/Source/tasks.c.obj
 *fill*         0x08006ef9        0x3 
 .rodata        0x08006efc        0xd CMakeFiles/Example_02.out.dir/C_/embedded/STM32_Workspace/First_CMAKE_PRJ/Soft_Timer01/Middlewares/Third_Party/FreeRTOS/Source/timers.c.obj
 *fill*         0x08006f09        0x3 
 .rodata        0x08006f0c       0x51 CMakeFiles/Example_02.out.dir/C_/embedded/STM32_Workspace/First_CMAKE_PRJ/Soft_Timer01/Middlewares/Third_Party/SEGGER/Config/SEGGER_SYSVIEW_Config_FreeRTOS.c.obj
 *fill*         0x08006f5d        0x3 
 .rodata        0x08006f60       0x58 CMakeFiles/Example_02.out.dir/C_/embedded/STM32_Workspace/First_CMAKE_PRJ/Soft_Timer01/Middlewares/Third_Party/SEGGER/OS/SEGGER_SYSVIEW_FreeRTOS.c.obj
 .rodata        0x08006fb8        0x9 CMakeFiles/Example_02.out.dir/C_/embedded/STM32_Workspace/First_CMAKE_PRJ/Soft_Timer01/Middlewares/Third_Party/SEGGER/SEGGER/SEGGER_RTT.c.obj
 *fill*         0x08006fc1        0x3 
 .rodata        0x08006fc4       0x10 CMakeFiles/Example_02.out.dir/C_/embedded/STM32_Workspace/First_CMAKE_PRJ/Soft_Timer01/Middlewares/Third_Party/SEGGER/SEGGER/SEGGER_SYSVIEW.c.obj
 *(.rodata*)
 .rodata.uxTopUsedPriority
                0x08006fd4        0x4 CMakeFiles/Example_02.out.dir/C_/embedded/STM32_Workspace/First_CMAKE_PRJ/Soft_Timer01/Middlewares/Third_Party/FreeRTOS/Source/tasks.c.obj
                0x08006fd4                uxTopUsedPriority
 .rodata.SYSVIEW_X_OS_TraceAPI
                0x08006fd8        0x8 CMakeFiles/Example_02.out.dir/C_/embedded/STM32_Workspace/First_CMAKE_PRJ/Soft_Timer01/Middlewares/Third_Party/SEGGER/OS/SEGGER_SYSVIEW_FreeRTOS.c.obj
                0x08006fd8                SYSVIEW_X_OS_TraceAPI
 .rodata._abHelloMsg
                0x08006fe0        0x4 CMakeFiles/Example_02.out.dir/C_/embedded/STM32_Workspace/First_CMAKE_PRJ/Soft_Timer01/Middlewares/Third_Party/SEGGER/Rec/segger_uart.c.obj
 .rodata._aInitStr.0
                0x08006fe4       0x11 CMakeFiles/Example_02.out.dir/C_/embedded/STM32_Workspace/First_CMAKE_PRJ/Soft_Timer01/Middlewares/Third_Party/SEGGER/SEGGER/SEGGER_RTT.c.obj
 *fill*         0x08006ff5        0x3 
 .rodata._abSync
                0x08006ff8        0xa CMakeFiles/Example_02.out.dir/C_/embedded/STM32_Workspace/First_CMAKE_PRJ/Soft_Timer01/Middlewares/Third_Party/SEGGER/SEGGER/SEGGER_SYSVIEW.c.obj
 *fill*         0x08007002        0x2 
 .rodata.AHBPrescTable
                0x08007004       0x10 CMakeFiles/Example_02.out.dir/C_/embedded/STM32_Workspace/First_CMAKE_PRJ/Soft_Timer01/Src/system_stm32f4xx.c.obj
                0x08007004                AHBPrescTable
 .rodata.APBPrescTable
                0x08007014        0x8 CMakeFiles/Example_02.out.dir/C_/embedded/STM32_Workspace/First_CMAKE_PRJ/Soft_Timer01/Src/system_stm32f4xx.c.obj
                0x08007014                APBPrescTable
                0x0800701c                        . = ALIGN (0x4)

.ARM.extab
 *(.ARM.extab* .gnu.linkonce.armextab.*)

.ARM            0x0800701c        0x8
                0x0800701c                        __exidx_start = .
 *(.ARM.exidx*)
 .ARM.exidx.text.__udivmoddi4
                0x0800701c        0x8 C:/PROGRA~2/ARMGNU~1/14EFD8~1.2RE/bin/../lib/gcc/arm-none-eabi/14.2.1/thumb/v7e-m+fp/hard\libgcc.a(_udivmoddi4.o)
                0x08007024                        __exidx_end = .

.rel.dyn        0x08007024        0x0
 .rel.iplt      0x08007024        0x0 C:/PROGRA~2/ARMGNU~1/14EFD8~1.2RE/bin/../lib/gcc/arm-none-eabi/14.2.1/thumb/v7e-m+fp/hard/crtbegin.o

.preinit_array  0x08007024        0x0
                0x08007024                        PROVIDE (__preinit_array_start = .)
 *(.preinit_array*)
                0x08007024                        PROVIDE (__preinit_array_end = .)

.init_array     0x08007024        0x4
                0x08007024                        PROVIDE (__init_array_start = .)
 *(SORT_BY_NAME(.init_array.*))
 *(.init_array*)
 .init_array    0x08007024        0x4 C:/PROGRA~2/ARMGNU~1/14EFD8~1.2RE/bin/../lib/gcc/arm-none-eabi/14.2.1/thumb/v7e-m+fp/hard/crtbegin.o
                0x08007028                        PROVIDE (__init_array_end = .)

.fini_array     0x08007028        0x4
                [!provide]                        PROVIDE (__fini_array_start = .)
 *(SORT_BY_NAME(.fini_array.*))
 *(.fini_array*)
 .fini_array    0x08007028        0x4 C:/PROGRA~2/ARMGNU~1/14EFD8~1.2RE/bin/../lib/gcc/arm-none-eabi/14.2.1/thumb/v7e-m+fp/hard/crtbegin.o
                [!provide]                        PROVIDE (__fini_array_end = .)
                0x0800702c                        _sidata = LOADADDR (.data)

.data           0x20000000       0x18 load address 0x0800702c
                0x20000000                        . = ALIGN (0x4)
                0x20000000                        _sdata = .
 *(.data)
 *(.data*)
 .data.uxCriticalNesting
                0x20000000        0x4 CMakeFiles/Example_02.out.dir/C_/embedded/STM32_Workspace/First_CMAKE_PRJ/Soft_Timer01/Middlewares/Third_Party/FreeRTOS/Source/portable/GCC/ARM_CM4F/port.c.obj
 .data._SVInfo  0x20000004        0x8 CMakeFiles/Example_02.out.dir/C_/embedded/STM32_Workspace/First_CMAKE_PRJ/Soft_Timer01/Middlewares/Third_Party/SEGGER/Rec/segger_uart.c.obj
 .data.uwTickPrio
                0x2000000c        0x4 CMakeFiles/Example_02.out.dir/C_/embedded/STM32_Workspace/First_CMAKE_PRJ/Soft_Timer01/Drivers/STM32F4xx_HAL_Driver/Src/stm32f4xx_hal.c.obj
                0x2000000c                uwTickPrio
 .data.uwTickFreq
                0x20000010        0x1 CMakeFiles/Example_02.out.dir/C_/embedded/STM32_Workspace/First_CMAKE_PRJ/Soft_Timer01/Drivers/STM32F4xx_HAL_Driver/Src/stm32f4xx_hal.c.obj
                0x20000010                uwTickFreq
 *fill*         0x20000011        0x3 
 .data.SystemCoreClock
                0x20000014        0x4 CMakeFiles/Example_02.out.dir/C_/embedded/STM32_Workspace/First_CMAKE_PRJ/Soft_Timer01/Src/system_stm32f4xx.c.obj
                0x20000014                SystemCoreClock
                0x20000018                        . = ALIGN (0x4)
                0x20000018                        _edata = .

.tm_clone_table
                0x20000018        0x0 load address 0x08007044
 .tm_clone_table
                0x20000018        0x0 C:/PROGRA~2/ARMGNU~1/14EFD8~1.2RE/bin/../lib/gcc/arm-none-eabi/14.2.1/thumb/v7e-m+fp/hard/crtbegin.o
 .tm_clone_table
                0x20000018        0x0 C:/PROGRA~2/ARMGNU~1/14EFD8~1.2RE/bin/../lib/gcc/arm-none-eabi/14.2.1/thumb/v7e-m+fp/hard/crtend.o

.igot.plt       0x20000018        0x0 load address 0x08007044
 .igot.plt      0x20000018        0x0 C:/PROGRA~2/ARMGNU~1/14EFD8~1.2RE/bin/../lib/gcc/arm-none-eabi/14.2.1/thumb/v7e-m+fp/hard/crtbegin.o
                0x20000018                        . = ALIGN (0x4)

.bss            0x20000018    0x15c8c load address 0x08007044
                0x20000018                        _sbss = .
                0x20000018                        __bss_start__ = _sbss
 *(.bss)
 *(.bss*)
 .bss.completed.1
                0x20000018        0x1 C:/PROGRA~2/ARMGNU~1/14EFD8~1.2RE/bin/../lib/gcc/arm-none-eabi/14.2.1/thumb/v7e-m+fp/hard/crtbegin.o
 *fill*         0x20000019        0x3 
 .bss.object.0  0x2000001c       0x18 C:/PROGRA~2/ARMGNU~1/14EFD8~1.2RE/bin/../lib/gcc/arm-none-eabi/14.2.1/thumb/v7e-m+fp/hard/crtbegin.o
 .bss.xQueueRegistry
                0x20000034       0x40 CMakeFiles/Example_02.out.dir/C_/embedded/STM32_Workspace/First_CMAKE_PRJ/Soft_Timer01/Middlewares/Third_Party/FreeRTOS/Source/queue.c.obj
                0x20000034                xQueueRegistry
 .bss.pxCurrentTCB
                0x20000074        0x4 CMakeFiles/Example_02.out.dir/C_/embedded/STM32_Workspace/First_CMAKE_PRJ/Soft_Timer01/Middlewares/Third_Party/FreeRTOS/Source/tasks.c.obj
                0x20000074                pxCurrentTCB
 .bss.pxReadyTasksLists
                0x20000078       0x64 CMakeFiles/Example_02.out.dir/C_/embedded/STM32_Workspace/First_CMAKE_PRJ/Soft_Timer01/Middlewares/Third_Party/FreeRTOS/Source/tasks.c.obj
 .bss.xDelayedTaskList1
                0x200000dc       0x14 CMakeFiles/Example_02.out.dir/C_/embedded/STM32_Workspace/First_CMAKE_PRJ/Soft_Timer01/Middlewares/Third_Party/FreeRTOS/Source/tasks.c.obj
 .bss.xDelayedTaskList2
                0x200000f0       0x14 CMakeFiles/Example_02.out.dir/C_/embedded/STM32_Workspace/First_CMAKE_PRJ/Soft_Timer01/Middlewares/Third_Party/FreeRTOS/Source/tasks.c.obj
 .bss.pxDelayedTaskList
                0x20000104        0x4 CMakeFiles/Example_02.out.dir/C_/embedded/STM32_Workspace/First_CMAKE_PRJ/Soft_Timer01/Middlewares/Third_Party/FreeRTOS/Source/tasks.c.obj
 .bss.pxOverflowDelayedTaskList
                0x20000108        0x4 CMakeFiles/Example_02.out.dir/C_/embedded/STM32_Workspace/First_CMAKE_PRJ/Soft_Timer01/Middlewares/Third_Party/FreeRTOS/Source/tasks.c.obj
 .bss.xPendingReadyList
                0x2000010c       0x14 CMakeFiles/Example_02.out.dir/C_/embedded/STM32_Workspace/First_CMAKE_PRJ/Soft_Timer01/Middlewares/Third_Party/FreeRTOS/Source/tasks.c.obj
 .bss.xTasksWaitingTermination
                0x20000120       0x14 CMakeFiles/Example_02.out.dir/C_/embedded/STM32_Workspace/First_CMAKE_PRJ/Soft_Timer01/Middlewares/Third_Party/FreeRTOS/Source/tasks.c.obj
 .bss.uxDeletedTasksWaitingCleanUp
                0x20000134        0x4 CMakeFiles/Example_02.out.dir/C_/embedded/STM32_Workspace/First_CMAKE_PRJ/Soft_Timer01/Middlewares/Third_Party/FreeRTOS/Source/tasks.c.obj
 .bss.xSuspendedTaskList
                0x20000138       0x14 CMakeFiles/Example_02.out.dir/C_/embedded/STM32_Workspace/First_CMAKE_PRJ/Soft_Timer01/Middlewares/Third_Party/FreeRTOS/Source/tasks.c.obj
 .bss.uxCurrentNumberOfTasks
                0x2000014c        0x4 CMakeFiles/Example_02.out.dir/C_/embedded/STM32_Workspace/First_CMAKE_PRJ/Soft_Timer01/Middlewares/Third_Party/FreeRTOS/Source/tasks.c.obj
 .bss.xTickCount
                0x20000150        0x4 CMakeFiles/Example_02.out.dir/C_/embedded/STM32_Workspace/First_CMAKE_PRJ/Soft_Timer01/Middlewares/Third_Party/FreeRTOS/Source/tasks.c.obj
 .bss.uxTopReadyPriority
                0x20000154        0x4 CMakeFiles/Example_02.out.dir/C_/embedded/STM32_Workspace/First_CMAKE_PRJ/Soft_Timer01/Middlewares/Third_Party/FreeRTOS/Source/tasks.c.obj
 .bss.xSchedulerRunning
                0x20000158        0x4 CMakeFiles/Example_02.out.dir/C_/embedded/STM32_Workspace/First_CMAKE_PRJ/Soft_Timer01/Middlewares/Third_Party/FreeRTOS/Source/tasks.c.obj
 .bss.xPendedTicks
                0x2000015c        0x4 CMakeFiles/Example_02.out.dir/C_/embedded/STM32_Workspace/First_CMAKE_PRJ/Soft_Timer01/Middlewares/Third_Party/FreeRTOS/Source/tasks.c.obj
 .bss.xYieldPending
                0x20000160        0x4 CMakeFiles/Example_02.out.dir/C_/embedded/STM32_Workspace/First_CMAKE_PRJ/Soft_Timer01/Middlewares/Third_Party/FreeRTOS/Source/tasks.c.obj
 .bss.xNumOfOverflows
                0x20000164        0x4 CMakeFiles/Example_02.out.dir/C_/embedded/STM32_Workspace/First_CMAKE_PRJ/Soft_Timer01/Middlewares/Third_Party/FreeRTOS/Source/tasks.c.obj
 .bss.uxTaskNumber
                0x20000168        0x4 CMakeFiles/Example_02.out.dir/C_/embedded/STM32_Workspace/First_CMAKE_PRJ/Soft_Timer01/Middlewares/Third_Party/FreeRTOS/Source/tasks.c.obj
 .bss.xNextTaskUnblockTime
                0x2000016c        0x4 CMakeFiles/Example_02.out.dir/C_/embedded/STM32_Workspace/First_CMAKE_PRJ/Soft_Timer01/Middlewares/Third_Party/FreeRTOS/Source/tasks.c.obj
 .bss.xIdleTaskHandle
                0x20000170        0x4 CMakeFiles/Example_02.out.dir/C_/embedded/STM32_Workspace/First_CMAKE_PRJ/Soft_Timer01/Middlewares/Third_Party/FreeRTOS/Source/tasks.c.obj
 .bss.uxSchedulerSuspended
                0x20000174        0x4 CMakeFiles/Example_02.out.dir/C_/embedded/STM32_Workspace/First_CMAKE_PRJ/Soft_Timer01/Middlewares/Third_Party/FreeRTOS/Source/tasks.c.obj
 .bss.xActiveTimerList1
                0x20000178       0x14 CMakeFiles/Example_02.out.dir/C_/embedded/STM32_Workspace/First_CMAKE_PRJ/Soft_Timer01/Middlewares/Third_Party/FreeRTOS/Source/timers.c.obj
 .bss.xActiveTimerList2
                0x2000018c       0x14 CMakeFiles/Example_02.out.dir/C_/embedded/STM32_Workspace/First_CMAKE_PRJ/Soft_Timer01/Middlewares/Third_Party/FreeRTOS/Source/timers.c.obj
 .bss.pxCurrentTimerList
                0x200001a0        0x4 CMakeFiles/Example_02.out.dir/C_/embedded/STM32_Workspace/First_CMAKE_PRJ/Soft_Timer01/Middlewares/Third_Party/FreeRTOS/Source/timers.c.obj
 .bss.pxOverflowTimerList
                0x200001a4        0x4 CMakeFiles/Example_02.out.dir/C_/embedded/STM32_Workspace/First_CMAKE_PRJ/Soft_Timer01/Middlewares/Third_Party/FreeRTOS/Source/timers.c.obj
 .bss.xTimerQueue
                0x200001a8        0x4 CMakeFiles/Example_02.out.dir/C_/embedded/STM32_Workspace/First_CMAKE_PRJ/Soft_Timer01/Middlewares/Third_Party/FreeRTOS/Source/timers.c.obj
 .bss.xTimerTaskHandle
                0x200001ac        0x4 CMakeFiles/Example_02.out.dir/C_/embedded/STM32_Workspace/First_CMAKE_PRJ/Soft_Timer01/Middlewares/Third_Party/FreeRTOS/Source/timers.c.obj
 .bss.xLastTime.0
                0x200001b0        0x4 CMakeFiles/Example_02.out.dir/C_/embedded/STM32_Workspace/First_CMAKE_PRJ/Soft_Timer01/Middlewares/Third_Party/FreeRTOS/Source/timers.c.obj
 .bss.ucHeap    0x200001b4    0x12c00 CMakeFiles/Example_02.out.dir/C_/embedded/STM32_Workspace/First_CMAKE_PRJ/Soft_Timer01/Middlewares/Third_Party/FreeRTOS/Source/portable/MemMang/heap_4.c.obj
 .bss.xStart    0x20012db4        0x8 CMakeFiles/Example_02.out.dir/C_/embedded/STM32_Workspace/First_CMAKE_PRJ/Soft_Timer01/Middlewares/Third_Party/FreeRTOS/Source/portable/MemMang/heap_4.c.obj
 .bss.pxEnd     0x20012dbc        0x4 CMakeFiles/Example_02.out.dir/C_/embedded/STM32_Workspace/First_CMAKE_PRJ/Soft_Timer01/Middlewares/Third_Party/FreeRTOS/Source/portable/MemMang/heap_4.c.obj
 .bss.xFreeBytesRemaining
                0x20012dc0        0x4 CMakeFiles/Example_02.out.dir/C_/embedded/STM32_Workspace/First_CMAKE_PRJ/Soft_Timer01/Middlewares/Third_Party/FreeRTOS/Source/portable/MemMang/heap_4.c.obj
 .bss.xMinimumEverFreeBytesRemaining
                0x20012dc4        0x4 CMakeFiles/Example_02.out.dir/C_/embedded/STM32_Workspace/First_CMAKE_PRJ/Soft_Timer01/Middlewares/Third_Party/FreeRTOS/Source/portable/MemMang/heap_4.c.obj
 .bss.xNumberOfSuccessfulAllocations
                0x20012dc8        0x4 CMakeFiles/Example_02.out.dir/C_/embedded/STM32_Workspace/First_CMAKE_PRJ/Soft_Timer01/Middlewares/Third_Party/FreeRTOS/Source/portable/MemMang/heap_4.c.obj
 .bss.xNumberOfSuccessfulFrees
                0x20012dcc        0x4 CMakeFiles/Example_02.out.dir/C_/embedded/STM32_Workspace/First_CMAKE_PRJ/Soft_Timer01/Middlewares/Third_Party/FreeRTOS/Source/portable/MemMang/heap_4.c.obj
 .bss.ucMaxSysCallPriority
                0x20012dd0        0x1 CMakeFiles/Example_02.out.dir/C_/embedded/STM32_Workspace/First_CMAKE_PRJ/Soft_Timer01/Middlewares/Third_Party/FreeRTOS/Source/portable/GCC/ARM_CM4F/port.c.obj
 *fill*         0x20012dd1        0x3 
 .bss.ulMaxPRIGROUPValue
                0x20012dd4        0x4 CMakeFiles/Example_02.out.dir/C_/embedded/STM32_Workspace/First_CMAKE_PRJ/Soft_Timer01/Middlewares/Third_Party/FreeRTOS/Source/portable/GCC/ARM_CM4F/port.c.obj
 .bss._aTasks   0x20012dd8       0xa0 CMakeFiles/Example_02.out.dir/C_/embedded/STM32_Workspace/First_CMAKE_PRJ/Soft_Timer01/Middlewares/Third_Party/SEGGER/OS/SEGGER_SYSVIEW_FreeRTOS.c.obj
 .bss._NumTasks
                0x20012e78        0x4 CMakeFiles/Example_02.out.dir/C_/embedded/STM32_Workspace/First_CMAKE_PRJ/Soft_Timer01/Middlewares/Third_Party/SEGGER/OS/SEGGER_SYSVIEW_FreeRTOS.c.obj
 .bss._cbOnRx   0x20012e7c        0x4 CMakeFiles/Example_02.out.dir/C_/embedded/STM32_Workspace/First_CMAKE_PRJ/Soft_Timer01/Middlewares/Third_Party/SEGGER/Rec/segger_uart.c.obj
 .bss._cbOnTx   0x20012e80        0x4 CMakeFiles/Example_02.out.dir/C_/embedded/STM32_Workspace/First_CMAKE_PRJ/Soft_Timer01/Middlewares/Third_Party/SEGGER/Rec/segger_uart.c.obj
 .bss._SEGGER_RTT
                0x20012e84       0xa8 CMakeFiles/Example_02.out.dir/C_/embedded/STM32_Workspace/First_CMAKE_PRJ/Soft_Timer01/Middlewares/Third_Party/SEGGER/SEGGER/SEGGER_RTT.c.obj
                0x20012e84                _SEGGER_RTT
 .bss._acUpBuffer
                0x20012f2c      0x400 CMakeFiles/Example_02.out.dir/C_/embedded/STM32_Workspace/First_CMAKE_PRJ/Soft_Timer01/Middlewares/Third_Party/SEGGER/SEGGER/SEGGER_RTT.c.obj
 .bss._acDownBuffer
                0x2001332c       0x10 CMakeFiles/Example_02.out.dir/C_/embedded/STM32_Workspace/First_CMAKE_PRJ/Soft_Timer01/Middlewares/Third_Party/SEGGER/SEGGER/SEGGER_RTT.c.obj
 .bss._UpBuffer
                0x2001333c     0x2800 CMakeFiles/Example_02.out.dir/C_/embedded/STM32_Workspace/First_CMAKE_PRJ/Soft_Timer01/Middlewares/Third_Party/SEGGER/SEGGER/SEGGER_SYSVIEW.c.obj
 .bss._DownBuffer
                0x20015b3c        0x8 CMakeFiles/Example_02.out.dir/C_/embedded/STM32_Workspace/First_CMAKE_PRJ/Soft_Timer01/Middlewares/Third_Party/SEGGER/SEGGER/SEGGER_SYSVIEW.c.obj
 .bss._SYSVIEW_Globals
                0x20015b44       0x28 CMakeFiles/Example_02.out.dir/C_/embedded/STM32_Workspace/First_CMAKE_PRJ/Soft_Timer01/Middlewares/Third_Party/SEGGER/SEGGER/SEGGER_SYSVIEW.c.obj
 .bss._pFirstModule
                0x20015b6c        0x4 CMakeFiles/Example_02.out.dir/C_/embedded/STM32_Workspace/First_CMAKE_PRJ/Soft_Timer01/Middlewares/Third_Party/SEGGER/SEGGER/SEGGER_SYSVIEW.c.obj
 .bss._NumModules
                0x20015b70        0x1 CMakeFiles/Example_02.out.dir/C_/embedded/STM32_Workspace/First_CMAKE_PRJ/Soft_Timer01/Middlewares/Third_Party/SEGGER/SEGGER/SEGGER_SYSVIEW.c.obj
 *fill*         0x20015b71        0x3 
 .bss._aPacket  0x20015b74       0xe3 CMakeFiles/Example_02.out.dir/C_/embedded/STM32_Workspace/First_CMAKE_PRJ/Soft_Timer01/Middlewares/Third_Party/SEGGER/SEGGER/SEGGER_SYSVIEW.c.obj
 *fill*         0x20015c57        0x1 
 .bss.uwTick    0x20015c58        0x4 CMakeFiles/Example_02.out.dir/C_/embedded/STM32_Workspace/First_CMAKE_PRJ/Soft_Timer01/Drivers/STM32F4xx_HAL_Driver/Src/stm32f4xx_hal.c.obj
                0x20015c58                uwTick
 .bss.htim1     0x20015c5c       0x48 CMakeFiles/Example_02.out.dir/C_/embedded/STM32_Workspace/First_CMAKE_PRJ/Soft_Timer01/Src/stm32f4xx_hal_timebase_tim.c.obj
                0x20015c5c                htim1
 *(COMMON)
                0x20015ca4                        . = ALIGN (0x4)
                0x20015ca4                        _ebss = .
                0x20015ca4                        __bss_end__ = _ebss

._user_heap_stack
                0x20015ca4      0x604 load address 0x08007044
                0x20015ca8                        . = ALIGN (0x8)
 *fill*         0x20015ca4        0x4 
                0x20015ca8                        PROVIDE (end = .)
                [!provide]                        PROVIDE (_end = .)
                0x20015ea8                        . = (. + _Min_Heap_Size)
 *fill*         0x20015ca8      0x200 
                0x200162a8                        . = (. + _Min_Stack_Size)
 *fill*         0x20015ea8      0x400 
                0x200162a8                        . = ALIGN (0x8)

/DISCARD/
 libc.a(*)
 libm.a(*)
 libgcc.a(*)
OUTPUT(Example_02.out elf32-littlearm)
LOAD linker stubs
LOAD C:/PROGRA~2/ARMGNU~1/14EFD8~1.2RE/bin/../lib/gcc/arm-none-eabi/14.2.1/thumb/v7e-m+fp/hard\libc.a
LOAD C:/PROGRA~2/ARMGNU~1/14EFD8~1.2RE/bin/../lib/gcc/arm-none-eabi/14.2.1/thumb/v7e-m+fp/hard\libm.a
LOAD C:/PROGRA~2/ARMGNU~1/14EFD8~1.2RE/bin/../lib/gcc/arm-none-eabi/14.2.1/thumb/v7e-m+fp/hard\libgcc.a

.ARM.attributes
                0x00000000       0x30
 .ARM.attributes
                0x00000000       0x22 C:/PROGRA~2/ARMGNU~1/14EFD8~1.2RE/bin/../lib/gcc/arm-none-eabi/14.2.1/thumb/v7e-m+fp/hard/crti.o
 .ARM.attributes
                0x00000022       0x34 C:/PROGRA~2/ARMGNU~1/14EFD8~1.2RE/bin/../lib/gcc/arm-none-eabi/14.2.1/thumb/v7e-m+fp/hard/crtbegin.o
 .ARM.attributes
                0x00000056       0x34 C:/PROGRA~2/ARMGNU~1/14EFD8~1.2RE/bin/../lib/gcc/arm-none-eabi/14.2.1/thumb/v7e-m+fp/hard\libc_nano.a(libc_a-memset.o)
 .ARM.attributes
                0x0000008a       0x34 C:/PROGRA~2/ARMGNU~1/14EFD8~1.2RE/bin/../lib/gcc/arm-none-eabi/14.2.1/thumb/v7e-m+fp/hard\libc_nano.a(libc_a-init.o)
 .ARM.attributes
                0x000000be       0x34 CMakeFiles/Example_02.out.dir/main.c.obj
 .ARM.attributes
                0x000000f2       0x34 CMakeFiles/Example_02.out.dir/C_/embedded/STM32_Workspace/First_CMAKE_PRJ/Soft_Timer01/Middlewares/Third_Party/FreeRTOS/Source/list.c.obj
 .ARM.attributes
                0x00000126       0x34 CMakeFiles/Example_02.out.dir/C_/embedded/STM32_Workspace/First_CMAKE_PRJ/Soft_Timer01/Middlewares/Third_Party/FreeRTOS/Source/queue.c.obj
 .ARM.attributes
                0x0000015a       0x34 CMakeFiles/Example_02.out.dir/C_/embedded/STM32_Workspace/First_CMAKE_PRJ/Soft_Timer01/Middlewares/Third_Party/FreeRTOS/Source/tasks.c.obj
 .ARM.attributes
                0x0000018e       0x34 CMakeFiles/Example_02.out.dir/C_/embedded/STM32_Workspace/First_CMAKE_PRJ/Soft_Timer01/Middlewares/Third_Party/FreeRTOS/Source/timers.c.obj
 .ARM.attributes
                0x000001c2       0x34 CMakeFiles/Example_02.out.dir/C_/embedded/STM32_Workspace/First_CMAKE_PRJ/Soft_Timer01/Middlewares/Third_Party/FreeRTOS/Source/portable/MemMang/heap_4.c.obj
 .ARM.attributes
                0x000001f6       0x34 CMakeFiles/Example_02.out.dir/C_/embedded/STM32_Workspace/First_CMAKE_PRJ/Soft_Timer01/Middlewares/Third_Party/FreeRTOS/Source/portable/GCC/ARM_CM4F/port.c.obj
 .ARM.attributes
                0x0000022a       0x34 CMakeFiles/Example_02.out.dir/C_/embedded/STM32_Workspace/First_CMAKE_PRJ/Soft_Timer01/Middlewares/Third_Party/SEGGER/Config/SEGGER_SYSVIEW_Config_FreeRTOS.c.obj
 .ARM.attributes
                0x0000025e       0x34 CMakeFiles/Example_02.out.dir/C_/embedded/STM32_Workspace/First_CMAKE_PRJ/Soft_Timer01/Middlewares/Third_Party/SEGGER/OS/SEGGER_SYSVIEW_FreeRTOS.c.obj
 .ARM.attributes
                0x00000292       0x34 CMakeFiles/Example_02.out.dir/C_/embedded/STM32_Workspace/First_CMAKE_PRJ/Soft_Timer01/Middlewares/Third_Party/SEGGER/Rec/segger_uart.c.obj
 .ARM.attributes
                0x000002c6       0x34 CMakeFiles/Example_02.out.dir/C_/embedded/STM32_Workspace/First_CMAKE_PRJ/Soft_Timer01/Middlewares/Third_Party/SEGGER/SEGGER/SEGGER_RTT.c.obj
 .ARM.attributes
                0x000002fa       0x34 CMakeFiles/Example_02.out.dir/C_/embedded/STM32_Workspace/First_CMAKE_PRJ/Soft_Timer01/Middlewares/Third_Party/SEGGER/SEGGER/SEGGER_SYSVIEW.c.obj
 .ARM.attributes
                0x0000032e       0x20 CMakeFiles/Example_02.out.dir/C_/embedded/STM32_Workspace/First_CMAKE_PRJ/Soft_Timer01/Middlewares/Third_Party/SEGGER/SEGGER/SEGGER_RTT_ASM_ARMv7M.S.obj
 .ARM.attributes
                0x0000034e       0x34 CMakeFiles/Example_02.out.dir/C_/embedded/STM32_Workspace/First_CMAKE_PRJ/Soft_Timer01/Drivers/STM32F4xx_HAL_Driver/Src/stm32f4xx_hal_tim.c.obj
 .ARM.attributes
                0x00000382       0x34 CMakeFiles/Example_02.out.dir/C_/embedded/STM32_Workspace/First_CMAKE_PRJ/Soft_Timer01/Drivers/STM32F4xx_HAL_Driver/Src/stm32f4xx_hal_tim_ex.c.obj
 .ARM.attributes
                0x000003b6       0x34 CMakeFiles/Example_02.out.dir/C_/embedded/STM32_Workspace/First_CMAKE_PRJ/Soft_Timer01/Drivers/STM32F4xx_HAL_Driver/Src/stm32f4xx_hal_rcc.c.obj
 .ARM.attributes
                0x000003ea       0x34 CMakeFiles/Example_02.out.dir/C_/embedded/STM32_Workspace/First_CMAKE_PRJ/Soft_Timer01/Drivers/STM32F4xx_HAL_Driver/Src/stm32f4xx_hal_rcc_ex.c.obj
 .ARM.attributes
                0x0000041e       0x34 CMakeFiles/Example_02.out.dir/C_/embedded/STM32_Workspace/First_CMAKE_PRJ/Soft_Timer01/Drivers/STM32F4xx_HAL_Driver/Src/stm32f4xx_hal_gpio.c.obj
 .ARM.attributes
                0x00000452       0x34 CMakeFiles/Example_02.out.dir/C_/embedded/STM32_Workspace/First_CMAKE_PRJ/Soft_Timer01/Drivers/STM32F4xx_HAL_Driver/Src/stm32f4xx_hal_cortex.c.obj
 .ARM.attributes
                0x00000486       0x34 CMakeFiles/Example_02.out.dir/C_/embedded/STM32_Workspace/First_CMAKE_PRJ/Soft_Timer01/Drivers/STM32F4xx_HAL_Driver/Src/stm32f4xx_hal.c.obj
 .ARM.attributes
                0x000004ba       0x34 CMakeFiles/Example_02.out.dir/C_/embedded/STM32_Workspace/First_CMAKE_PRJ/Soft_Timer01/Src/stm32f4xx_hal_msp.c.obj
 .ARM.attributes
                0x000004ee       0x34 CMakeFiles/Example_02.out.dir/C_/embedded/STM32_Workspace/First_CMAKE_PRJ/Soft_Timer01/Src/stm32f4xx_it.c.obj
 .ARM.attributes
                0x00000522       0x34 CMakeFiles/Example_02.out.dir/C_/embedded/STM32_Workspace/First_CMAKE_PRJ/Soft_Timer01/Src/system_stm32f4xx.c.obj
 .ARM.attributes
                0x00000556       0x34 CMakeFiles/Example_02.out.dir/C_/embedded/STM32_Workspace/First_CMAKE_PRJ/Soft_Timer01/Src/stm32f4xx_hal_timebase_tim.c.obj
 .ARM.attributes
                0x0000058a       0x21 CMakeFiles/Example_02.out.dir/C_/embedded/STM32_Workspace/First_CMAKE_PRJ/Soft_Timer01/startup_stm32f411xe.s.obj
 .ARM.attributes
                0x000005ab       0x22 C:/PROGRA~2/ARMGNU~1/14EFD8~1.2RE/bin/../lib/gcc/arm-none-eabi/14.2.1/thumb/v7e-m+fp/hard\libgcc.a(_aeabi_uldivmod.o)
 .ARM.attributes
                0x000005cd       0x34 C:/PROGRA~2/ARMGNU~1/14EFD8~1.2RE/bin/../lib/gcc/arm-none-eabi/14.2.1/thumb/v7e-m+fp/hard\libgcc.a(_udivmoddi4.o)
 .ARM.attributes
                0x00000601       0x22 C:/PROGRA~2/ARMGNU~1/14EFD8~1.2RE/bin/../lib/gcc/arm-none-eabi/14.2.1/thumb/v7e-m+fp/hard\libgcc.a(_dvmd_tls.o)
 .ARM.attributes
                0x00000623       0x34 C:/PROGRA~2/ARMGNU~1/14EFD8~1.2RE/bin/../lib/gcc/arm-none-eabi/14.2.1/thumb/v7e-m+fp/hard\libc_nano.a(libc_a-memcmp.o)
 .ARM.attributes
                0x00000657       0x34 C:/PROGRA~2/ARMGNU~1/14EFD8~1.2RE/bin/../lib/gcc/arm-none-eabi/14.2.1/thumb/v7e-m+fp/hard\libc_nano.a(libc_a-memcpy-stub.o)
 .ARM.attributes
                0x0000068b       0x34 C:/PROGRA~2/ARMGNU~1/14EFD8~1.2RE/bin/../lib/gcc/arm-none-eabi/14.2.1/thumb/v7e-m+fp/hard/crtend.o
 .ARM.attributes
                0x000006bf       0x22 C:/PROGRA~2/ARMGNU~1/14EFD8~1.2RE/bin/../lib/gcc/arm-none-eabi/14.2.1/thumb/v7e-m+fp/hard/crtn.o

.comment        0x00000000       0x45
 .comment       0x00000000       0x45 CMakeFiles/Example_02.out.dir/main.c.obj
                                 0x46 (size before relaxing)
 .comment       0x00000045       0x46 CMakeFiles/Example_02.out.dir/C_/embedded/STM32_Workspace/First_CMAKE_PRJ/Soft_Timer01/Middlewares/Third_Party/FreeRTOS/Source/list.c.obj
 .comment       0x00000045       0x46 CMakeFiles/Example_02.out.dir/C_/embedded/STM32_Workspace/First_CMAKE_PRJ/Soft_Timer01/Middlewares/Third_Party/FreeRTOS/Source/queue.c.obj
 .comment       0x00000045       0x46 CMakeFiles/Example_02.out.dir/C_/embedded/STM32_Workspace/First_CMAKE_PRJ/Soft_Timer01/Middlewares/Third_Party/FreeRTOS/Source/tasks.c.obj
 .comment       0x00000045       0x46 CMakeFiles/Example_02.out.dir/C_/embedded/STM32_Workspace/First_CMAKE_PRJ/Soft_Timer01/Middlewares/Third_Party/FreeRTOS/Source/timers.c.obj
 .comment       0x00000045       0x46 CMakeFiles/Example_02.out.dir/C_/embedded/STM32_Workspace/First_CMAKE_PRJ/Soft_Timer01/Middlewares/Third_Party/FreeRTOS/Source/portable/MemMang/heap_4.c.obj
 .comment       0x00000045       0x46 CMakeFiles/Example_02.out.dir/C_/embedded/STM32_Workspace/First_CMAKE_PRJ/Soft_Timer01/Middlewares/Third_Party/FreeRTOS/Source/portable/GCC/ARM_CM4F/port.c.obj
 .comment       0x00000045       0x46 CMakeFiles/Example_02.out.dir/C_/embedded/STM32_Workspace/First_CMAKE_PRJ/Soft_Timer01/Middlewares/Third_Party/SEGGER/Config/SEGGER_SYSVIEW_Config_FreeRTOS.c.obj
 .comment       0x00000045       0x46 CMakeFiles/Example_02.out.dir/C_/embedded/STM32_Workspace/First_CMAKE_PRJ/Soft_Timer01/Middlewares/Third_Party/SEGGER/OS/SEGGER_SYSVIEW_FreeRTOS.c.obj
 .comment       0x00000045       0x46 CMakeFiles/Example_02.out.dir/C_/embedded/STM32_Workspace/First_CMAKE_PRJ/Soft_Timer01/Middlewares/Third_Party/SEGGER/Rec/segger_uart.c.obj
 .comment       0x00000045       0x46 CMakeFiles/Example_02.out.dir/C_/embedded/STM32_Workspace/First_CMAKE_PRJ/Soft_Timer01/Middlewares/Third_Party/SEGGER/SEGGER/SEGGER_RTT.c.obj
 .comment       0x00000045       0x46 CMakeFiles/Example_02.out.dir/C_/embedded/STM32_Workspace/First_CMAKE_PRJ/Soft_Timer01/Middlewares/Third_Party/SEGGER/SEGGER/SEGGER_SYSVIEW.c.obj
 .comment       0x00000045       0x46 CMakeFiles/Example_02.out.dir/C_/embedded/STM32_Workspace/First_CMAKE_PRJ/Soft_Timer01/Drivers/STM32F4xx_HAL_Driver/Src/stm32f4xx_hal_tim.c.obj
 .comment       0x00000045       0x46 CMakeFiles/Example_02.out.dir/C_/embedded/STM32_Workspace/First_CMAKE_PRJ/Soft_Timer01/Drivers/STM32F4xx_HAL_Driver/Src/stm32f4xx_hal_tim_ex.c.obj
 .comment       0x00000045       0x46 CMakeFiles/Example_02.out.dir/C_/embedded/STM32_Workspace/First_CMAKE_PRJ/Soft_Timer01/Drivers/STM32F4xx_HAL_Driver/Src/stm32f4xx_hal_rcc.c.obj
 .comment       0x00000045       0x46 CMakeFiles/Example_02.out.dir/C_/embedded/STM32_Workspace/First_CMAKE_PRJ/Soft_Timer01/Drivers/STM32F4xx_HAL_Driver/Src/stm32f4xx_hal_rcc_ex.c.obj
 .comment       0x00000045       0x46 CMakeFiles/Example_02.out.dir/C_/embedded/STM32_Workspace/First_CMAKE_PRJ/Soft_Timer01/Drivers/STM32F4xx_HAL_Driver/Src/stm32f4xx_hal_gpio.c.obj
 .comment       0x00000045       0x46 CMakeFiles/Example_02.out.dir/C_/embedded/STM32_Workspace/First_CMAKE_PRJ/Soft_Timer01/Drivers/STM32F4xx_HAL_Driver/Src/stm32f4xx_hal_cortex.c.obj
 .comment       0x00000045       0x46 CMakeFiles/Example_02.out.dir/C_/embedded/STM32_Workspace/First_CMAKE_PRJ/Soft_Timer01/Drivers/STM32F4xx_HAL_Driver/Src/stm32f4xx_hal.c.obj
 .comment       0x00000045       0x46 CMakeFiles/Example_02.out.dir/C_/embedded/STM32_Workspace/First_CMAKE_PRJ/Soft_Timer01/Src/stm32f4xx_hal_msp.c.obj
 .comment       0x00000045       0x46 CMakeFiles/Example_02.out.dir/C_/embedded/STM32_Workspace/First_CMAKE_PRJ/Soft_Timer01/Src/stm32f4xx_it.c.obj
 .comment       0x00000045       0x46 CMakeFiles/Example_02.out.dir/C_/embedded/STM32_Workspace/First_CMAKE_PRJ/Soft_Timer01/Src/system_stm32f4xx.c.obj
 .comment       0x00000045       0x46 CMakeFiles/Example_02.out.dir/C_/embedded/STM32_Workspace/First_CMAKE_PRJ/Soft_Timer01/Src/stm32f4xx_hal_timebase_tim.c.obj

.debug_frame    0x00000000       0xfc
 .debug_frame   0x00000000       0x20 C:/PROGRA~2/ARMGNU~1/14EFD8~1.2RE/bin/../lib/gcc/arm-none-eabi/14.2.1/thumb/v7e-m+fp/hard\libc_nano.a(libc_a-memset.o)
 .debug_frame   0x00000020       0x2c C:/PROGRA~2/ARMGNU~1/14EFD8~1.2RE/bin/../lib/gcc/arm-none-eabi/14.2.1/thumb/v7e-m+fp/hard\libc_nano.a(libc_a-init.o)
 .debug_frame   0x0000004c       0x2c C:/PROGRA~2/ARMGNU~1/14EFD8~1.2RE/bin/../lib/gcc/arm-none-eabi/14.2.1/thumb/v7e-m+fp/hard\libgcc.a(_aeabi_uldivmod.o)
 .debug_frame   0x00000078       0x34 C:/PROGRA~2/ARMGNU~1/14EFD8~1.2RE/bin/../lib/gcc/arm-none-eabi/14.2.1/thumb/v7e-m+fp/hard\libgcc.a(_udivmoddi4.o)
 .debug_frame   0x000000ac       0x28 C:/PROGRA~2/ARMGNU~1/14EFD8~1.2RE/bin/../lib/gcc/arm-none-eabi/14.2.1/thumb/v7e-m+fp/hard\libc_nano.a(libc_a-memcmp.o)
 .debug_frame   0x000000d4       0x28 C:/PROGRA~2/ARMGNU~1/14EFD8~1.2RE/bin/../lib/gcc/arm-none-eabi/14.2.1/thumb/v7e-m+fp/hard\libc_nano.a(libc_a-memcpy-stub.o)

.debug_line_str
                0x00000000       0xd5
 .debug_line_str
                0x00000000       0xd5 C:/PROGRA~2/ARMGNU~1/14EFD8~1.2RE/bin/../lib/gcc/arm-none-eabi/14.2.1/thumb/v7e-m+fp/hard\libgcc.a(_aeabi_uldivmod.o)
                                 0xc9 (size before relaxing)
 .debug_line_str
                0x000000d5       0xcd C:/PROGRA~2/ARMGNU~1/14EFD8~1.2RE/bin/../lib/gcc/arm-none-eabi/14.2.1/thumb/v7e-m+fp/hard\libgcc.a(_dvmd_tls.o)

Cross Reference Table

Symbol                                            File
ADC_IRQHandler                                    CMakeFiles/Example_02.out.dir/C_/embedded/STM32_Workspace/First_CMAKE_PRJ/Soft_Timer01/startup_stm32f411xe.s.obj
AHBPrescTable                                     CMakeFiles/Example_02.out.dir/C_/embedded/STM32_Workspace/First_CMAKE_PRJ/Soft_Timer01/Src/system_stm32f4xx.c.obj
                                                  CMakeFiles/Example_02.out.dir/C_/embedded/STM32_Workspace/First_CMAKE_PRJ/Soft_Timer01/Drivers/STM32F4xx_HAL_Driver/Src/stm32f4xx_hal_rcc.c.obj
APBPrescTable                                     CMakeFiles/Example_02.out.dir/C_/embedded/STM32_Workspace/First_CMAKE_PRJ/Soft_Timer01/Src/system_stm32f4xx.c.obj
                                                  CMakeFiles/Example_02.out.dir/C_/embedded/STM32_Workspace/First_CMAKE_PRJ/Soft_Timer01/Drivers/STM32F4xx_HAL_Driver/Src/stm32f4xx_hal_rcc.c.obj
BusFault_Handler                                  CMakeFiles/Example_02.out.dir/C_/embedded/STM32_Workspace/First_CMAKE_PRJ/Soft_Timer01/Src/stm32f4xx_it.c.obj
DMA1_Stream0_IRQHandler                           CMakeFiles/Example_02.out.dir/C_/embedded/STM32_Workspace/First_CMAKE_PRJ/Soft_Timer01/startup_stm32f411xe.s.obj
DMA1_Stream1_IRQHandler                           CMakeFiles/Example_02.out.dir/C_/embedded/STM32_Workspace/First_CMAKE_PRJ/Soft_Timer01/startup_stm32f411xe.s.obj
DMA1_Stream2_IRQHandler                           CMakeFiles/Example_02.out.dir/C_/embedded/STM32_Workspace/First_CMAKE_PRJ/Soft_Timer01/startup_stm32f411xe.s.obj
DMA1_Stream3_IRQHandler                           CMakeFiles/Example_02.out.dir/C_/embedded/STM32_Workspace/First_CMAKE_PRJ/Soft_Timer01/startup_stm32f411xe.s.obj
DMA1_Stream4_IRQHandler                           CMakeFiles/Example_02.out.dir/C_/embedded/STM32_Workspace/First_CMAKE_PRJ/Soft_Timer01/startup_stm32f411xe.s.obj
DMA1_Stream5_IRQHandler                           CMakeFiles/Example_02.out.dir/C_/embedded/STM32_Workspace/First_CMAKE_PRJ/Soft_Timer01/startup_stm32f411xe.s.obj
DMA1_Stream6_IRQHandler                           CMakeFiles/Example_02.out.dir/C_/embedded/STM32_Workspace/First_CMAKE_PRJ/Soft_Timer01/startup_stm32f411xe.s.obj
DMA1_Stream7_IRQHandler                           CMakeFiles/Example_02.out.dir/C_/embedded/STM32_Workspace/First_CMAKE_PRJ/Soft_Timer01/startup_stm32f411xe.s.obj